../Core/Src/main.c:64:6:HAL_UARTEx_RxEventCallback	16	static
../Core/Src/main.c:101:6:HAL_GPIO_EXTI_Callback	16	static
../Core/Src/main.c:135:6:Serial_Print	8	static
../Core/Src/main.c:144:6:SPI_Transmit_Receive	16	static
../Core/Src/main.c:160:5:main	16	static
../Core/Src/main.c:246:6:SystemClock_Config	160	static
../Core/Src/main.c:290:13:MX_SPI2_Init	8	static
../Core/Src/main.c:330:13:MX_UART4_Init	8	static
../Core/Src/main.c:363:13:MX_DMA_Init	16	static
../Core/Src/main.c:381:13:MX_GPIO_Init	40	static
../Core/Src/main.c:443:6:Error_Handler	4	static,ignoring_inline_asm
