Archive member included to satisfy reference by file (symbol)

D:/Software/STM32cudeIDE/STM32CubeIDE_1.15.1/STM32CubeIDE/plugins/com.st.stm32cube.ide.mcu.externaltools.gnu-tools-for-stm32.12.3.rel1.win32_1.0.100.202403111256/tools/bin/../lib/gcc/arm-none-eabi/12.3.1/../../../../arm-none-eabi/lib/thumb/v7e-m+fp/hard\libc_nano.a(libc_a-exit.o)
                              D:/Software/STM32cudeIDE/STM32CubeIDE_1.15.1/STM32CubeIDE/plugins/com.st.stm32cube.ide.mcu.externaltools.gnu-tools-for-stm32.12.3.rel1.win32_1.0.100.202403111256/tools/bin/../lib/gcc/arm-none-eabi/12.3.1/../../../../arm-none-eabi/lib/thumb/v7e-m+fp/hard/crt0.o (exit)
D:/Software/STM32cudeIDE/STM32CubeIDE_1.15.1/STM32CubeIDE/plugins/com.st.stm32cube.ide.mcu.externaltools.gnu-tools-for-stm32.12.3.rel1.win32_1.0.100.202403111256/tools/bin/../lib/gcc/arm-none-eabi/12.3.1/../../../../arm-none-eabi/lib/thumb/v7e-m+fp/hard\libc_nano.a(libc_a-rand.o)
                              ./Core/Src/main.o (rand)
D:/Software/STM32cudeIDE/STM32CubeIDE_1.15.1/STM32CubeIDE/plugins/com.st.stm32cube.ide.mcu.externaltools.gnu-tools-for-stm32.12.3.rel1.win32_1.0.100.202403111256/tools/bin/../lib/gcc/arm-none-eabi/12.3.1/../../../../arm-none-eabi/lib/thumb/v7e-m+fp/hard\libc_nano.a(libc_a-findfp.o)
                              D:/Software/STM32cudeIDE/STM32CubeIDE_1.15.1/STM32CubeIDE/plugins/com.st.stm32cube.ide.mcu.externaltools.gnu-tools-for-stm32.12.3.rel1.win32_1.0.100.202403111256/tools/bin/../lib/gcc/arm-none-eabi/12.3.1/../../../../arm-none-eabi/lib/thumb/v7e-m+fp/hard\libc_nano.a(libc_a-exit.o) (__stdio_exit_handler)
D:/Software/STM32cudeIDE/STM32CubeIDE_1.15.1/STM32CubeIDE/plugins/com.st.stm32cube.ide.mcu.externaltools.gnu-tools-for-stm32.12.3.rel1.win32_1.0.100.202403111256/tools/bin/../lib/gcc/arm-none-eabi/12.3.1/../../../../arm-none-eabi/lib/thumb/v7e-m+fp/hard\libc_nano.a(libc_a-fwalk.o)
                              D:/Software/STM32cudeIDE/STM32CubeIDE_1.15.1/STM32CubeIDE/plugins/com.st.stm32cube.ide.mcu.externaltools.gnu-tools-for-stm32.12.3.rel1.win32_1.0.100.202403111256/tools/bin/../lib/gcc/arm-none-eabi/12.3.1/../../../../arm-none-eabi/lib/thumb/v7e-m+fp/hard\libc_nano.a(libc_a-findfp.o) (_fwalk_sglue)
D:/Software/STM32cudeIDE/STM32CubeIDE_1.15.1/STM32CubeIDE/plugins/com.st.stm32cube.ide.mcu.externaltools.gnu-tools-for-stm32.12.3.rel1.win32_1.0.100.202403111256/tools/bin/../lib/gcc/arm-none-eabi/12.3.1/../../../../arm-none-eabi/lib/thumb/v7e-m+fp/hard\libc_nano.a(libc_a-printf.o)
                              ./Core/Src/main.o (printf)
D:/Software/STM32cudeIDE/STM32CubeIDE_1.15.1/STM32CubeIDE/plugins/com.st.stm32cube.ide.mcu.externaltools.gnu-tools-for-stm32.12.3.rel1.win32_1.0.100.202403111256/tools/bin/../lib/gcc/arm-none-eabi/12.3.1/../../../../arm-none-eabi/lib/thumb/v7e-m+fp/hard\libc_nano.a(libc_a-putchar.o)
                              ./Core/Src/main.o (putchar)
D:/Software/STM32cudeIDE/STM32CubeIDE_1.15.1/STM32CubeIDE/plugins/com.st.stm32cube.ide.mcu.externaltools.gnu-tools-for-stm32.12.3.rel1.win32_1.0.100.202403111256/tools/bin/../lib/gcc/arm-none-eabi/12.3.1/../../../../arm-none-eabi/lib/thumb/v7e-m+fp/hard\libc_nano.a(libc_a-sprintf.o)
                              ./Core/Src/main.o (sprintf)
D:/Software/STM32cudeIDE/STM32CubeIDE_1.15.1/STM32CubeIDE/plugins/com.st.stm32cube.ide.mcu.externaltools.gnu-tools-for-stm32.12.3.rel1.win32_1.0.100.202403111256/tools/bin/../lib/gcc/arm-none-eabi/12.3.1/../../../../arm-none-eabi/lib/thumb/v7e-m+fp/hard\libc_nano.a(libc_a-stdio.o)
                              D:/Software/STM32cudeIDE/STM32CubeIDE_1.15.1/STM32CubeIDE/plugins/com.st.stm32cube.ide.mcu.externaltools.gnu-tools-for-stm32.12.3.rel1.win32_1.0.100.202403111256/tools/bin/../lib/gcc/arm-none-eabi/12.3.1/../../../../arm-none-eabi/lib/thumb/v7e-m+fp/hard\libc_nano.a(libc_a-findfp.o) (__sread)
D:/Software/STM32cudeIDE/STM32CubeIDE_1.15.1/STM32CubeIDE/plugins/com.st.stm32cube.ide.mcu.externaltools.gnu-tools-for-stm32.12.3.rel1.win32_1.0.100.202403111256/tools/bin/../lib/gcc/arm-none-eabi/12.3.1/../../../../arm-none-eabi/lib/thumb/v7e-m+fp/hard\libc_nano.a(libc_a-memset.o)
                              D:/Software/STM32cudeIDE/STM32CubeIDE_1.15.1/STM32CubeIDE/plugins/com.st.stm32cube.ide.mcu.externaltools.gnu-tools-for-stm32.12.3.rel1.win32_1.0.100.202403111256/tools/bin/../lib/gcc/arm-none-eabi/12.3.1/../../../../arm-none-eabi/lib/thumb/v7e-m+fp/hard/crt0.o (memset)
D:/Software/STM32cudeIDE/STM32CubeIDE_1.15.1/STM32CubeIDE/plugins/com.st.stm32cube.ide.mcu.externaltools.gnu-tools-for-stm32.12.3.rel1.win32_1.0.100.202403111256/tools/bin/../lib/gcc/arm-none-eabi/12.3.1/../../../../arm-none-eabi/lib/thumb/v7e-m+fp/hard\libc_nano.a(libc_a-closer.o)
[...]
Memory Configuration

Name             Origin             Length             Attributes
RAM              0x20000000         0x00020000         xrw
FLASH            0x08000000         0x00020000         xr
*default*        0x00000000         0xffffffff

Linker script and memory map

LOAD D:/Software/STM32cudeIDE/STM32CubeIDE_1.15.1/STM32CubeIDE/plugins/com.st.stm32cube.ide.mcu.externaltools.gnu-tools-for-stm32.12.3.rel1.win32_1.0.100.202403111256/tools/bin/../lib/gcc/arm-none-eabi/12.3.1/thumb/v7e-m+fp/hard/crti.o
LOAD D:/Software/STM32cudeIDE/STM32CubeIDE_1.15.1/STM32CubeIDE/plugins/com.st.stm32cube.ide.mcu.externaltools.gnu-tools-for-stm32.12.3.rel1.win32_1.0.100.202403111256/tools/bin/../lib/gcc/arm-none-eabi/12.3.1/thumb/v7e-m+fp/hard/crtbegin.o
LOAD D:/Software/STM32cudeIDE/STM32CubeIDE_1.15.1/STM32CubeIDE/plugins/com.st.stm32cube.ide.mcu.externaltools.gnu-tools-for-stm32.12.3.rel1.win32_1.0.100.202403111256/tools/bin/../lib/gcc/arm-none-eabi/12.3.1/../../../../arm-none-eabi/lib/thumb/v7e-m+fp/hard/crt0.o
LOAD ./Core/Src/HMI.o
LOAD ./Core/Src/MyFLASH.o
LOAD ./Core/Src/PRJ.o
LOAD ./Core/Src/ToESP.o
LOAD ./Core/Src/main.o
LOAD ./Core/Src/mycanopen.o
LOAD ./Core/Src/myerror.o
LOAD ./Core/Src/stm32g4xx_hal_msp.o
LOAD ./Core/Src/stm32g4xx_it.o
LOAD ./Core/Src/syscalls.o
LOAD ./Core/Src/sysmem.o
LOAD ./Core/Src/system_stm32g4xx.o
LOAD ./Core/Startup/startup_stm32g474rbtx.o
LOAD ./Drivers/STM32G4xx_HAL_Driver/Src/stm32g4xx_hal.o
LOAD ./Drivers/STM32G4xx_HAL_Driver/Src/stm32g4xx_hal_adc.o
LOAD ./Drivers/STM32G4xx_HAL_Driver/Src/stm32g4xx_hal_adc_ex.o
LOAD ./Drivers/STM32G4xx_HAL_Driver/Src/stm32g4xx_hal_cortex.o
LOAD ./Drivers/STM32G4xx_HAL_Driver/Src/stm32g4xx_hal_dma.o
LOAD ./Drivers/STM32G4xx_HAL_Driver/Src/stm32g4xx_hal_dma_ex.o
LOAD ./Drivers/STM32G4xx_HAL_Driver/Src/stm32g4xx_hal_exti.o
LOAD ./Drivers/STM32G4xx_HAL_Driver/Src/stm32g4xx_hal_fdcan.o
LOAD ./Drivers/STM32G4xx_HAL_Driver/Src/stm32g4xx_hal_flash.o
LOAD ./Drivers/STM32G4xx_HAL_Driver/Src/stm32g4xx_hal_flash_ex.o
LOAD ./Drivers/STM32G4xx_HAL_Driver/Src/stm32g4xx_hal_flash_ramfunc.o
LOAD ./Drivers/STM32G4xx_HAL_Driver/Src/stm32g4xx_hal_gpio.o
LOAD ./Drivers/STM32G4xx_HAL_Driver/Src/stm32g4xx_hal_pwr.o
LOAD ./Drivers/STM32G4xx_HAL_Driver/Src/stm32g4xx_hal_pwr_ex.o
LOAD ./Drivers/STM32G4xx_HAL_Driver/Src/stm32g4xx_hal_rcc.o
LOAD ./Drivers/STM32G4xx_HAL_Driver/Src/stm32g4xx_hal_rcc_ex.o
LOAD ./Drivers/STM32G4xx_HAL_Driver/Src/stm32g4xx_hal_spi.o
LOAD ./Drivers/STM32G4xx_HAL_Driver/Src/stm32g4xx_hal_spi_ex.o
LOAD ./Drivers/STM32G4xx_HAL_Driver/Src/stm32g4xx_hal_tim.o
LOAD ./Drivers/STM32G4xx_HAL_Driver/Src/stm32g4xx_hal_tim_ex.o
LOAD ./Drivers/STM32G4xx_HAL_Driver/Src/stm32g4xx_hal_uart.o
LOAD ./Drivers/STM32G4xx_HAL_Driver/Src/stm32g4xx_hal_uart_ex.o
LOAD ./Drivers/STM32G4xx_HAL_Driver/Src/stm32g4xx_ll_adc.o
LOAD ./Libraries/QCA7000.o
LOAD ./Libraries/exchange_data.o
LOAD ./Libraries/hmi.o
LOAD ./Libraries/homeplug.o
LOAD ./Libraries/homeplug_evse.o
LOAD ./Libraries/sequence_function.o
START GROUP
LOAD D:/Software/STM32cudeIDE/STM32CubeIDE_1.15.1/STM32CubeIDE/plugins/com.st.stm32cube.ide.mcu.externaltools.gnu-tools-for-stm32.12.3.rel1.win32_1.0.100.202403111256/tools/bin/../lib/gcc/arm-none-eabi/12.3.1/../../../../arm-none-eabi/lib/thumb/v7e-m+fp/hard\libc_nano.a
LOAD D:/Software/STM32cudeIDE/STM32CubeIDE_1.15.1/STM32CubeIDE/plugins/com.st.stm32cube.ide.mcu.externaltools.gnu-tools-for-stm32.12.3.rel1.win32_1.0.100.202403111256/tools/bin/../lib/gcc/arm-none-eabi/12.3.1/../../../../arm-none-eabi/lib/thumb/v7e-m+fp/hard\libm.a
END GROUP
START GROUP
LOAD D:/Software/STM32cudeIDE/STM32CubeIDE_1.15.1/STM32CubeIDE/plugins/com.st.stm32cube.ide.mcu.externaltools.gnu-tools-for-stm32.12.3.rel1.win32_1.0.100.202403111256/tools/bin/../lib/gcc/arm-none-eabi/12.3.1/thumb/v7e-m+fp/hard\libgcc.a
LOAD D:/Software/STM32cudeIDE/STM32CubeIDE_1.15.1/STM32CubeIDE/plugins/com.st.stm32cube.ide.mcu.externaltools.gnu-tools-for-stm32.12.3.rel1.win32_1.0.100.202403111256/tools/bin/../lib/gcc/arm-none-eabi/12.3.1/../../../../arm-none-eabi/lib/thumb/v7e-m+fp/hard\libc_nano.a
END GROUP
START GROUP
LOAD D:/Software/STM32cudeIDE/STM32CubeIDE_1.15.1/STM32CubeIDE/plugins/com.st.stm32cube.ide.mcu.externaltools.gnu-tools-for-stm32.12.3.rel1.win32_1.0.100.202403111256/tools/bin/../lib/gcc/arm-none-eabi/12.3.1/thumb/v7e-m+fp/hard\libgcc.a
LOAD D:/Software/STM32cudeIDE/STM32CubeIDE_1.15.1/STM32CubeIDE/plugins/com.st.stm32cube.ide.mcu.externaltools.gnu-tools-for-stm32.12.3.rel1.win32_1.0.100.202403111256/tools/bin/../lib/gcc/arm-none-eabi/12.3.1/../../../../arm-none-eabi/lib/thumb/v7e-m+fp/hard\libc_nano.a
LOAD D:/Software/STM32cudeIDE/STM32CubeIDE_1.15.1/STM32CubeIDE/plugins/com.st.stm32cube.ide.mcu.externaltools.gnu-tools-for-stm32.12.3.rel1.win32_1.0.100.202403111256/tools/bin/../lib/gcc/arm-none-eabi/12.3.1/../../../../arm-none-eabi/lib/thumb/v7e-m+fp/hard\libnosys.a
END GROUP
START GROUP
LOAD D:/Software/STM32cudeIDE/STM32CubeIDE_1.15.1/STM32CubeIDE/plugins/com.st.stm32cube.ide.mcu.externaltools.gnu-tools-for-stm32.12.3.rel1.win32_1.0.100.202403111256/tools/bin/../lib/gcc/arm-none-eabi/12.3.1/thumb/v7e-m+fp/hard\libgcc.a
LOAD D:/Software/STM32cudeIDE/STM32CubeIDE_1.15.1/STM32CubeIDE/plugins/com.st.stm32cube.ide.mcu.externaltools.gnu-tools-for-stm32.12.3.rel1.win32_1.0.100.202403111256/tools/bin/../lib/gcc/arm-none-eabi/12.3.1/../../../../arm-none-eabi/lib/thumb/v7e-m+fp/hard\libc_nano.a
LOAD D:/Software/STM32cudeIDE/STM32CubeIDE_1.15.1/STM32CubeIDE/plugins/com.st.stm32cube.ide.mcu.externaltools.gnu-tools-for-stm32.12.3.rel1.win32_1.0.100.202403111256/tools/bin/../lib/gcc/arm-none-eabi/12.3.1/../../../../arm-none-eabi/lib/thumb/v7e-m+fp/hard\libnosys.a
END GROUP
LOAD D:/Software/STM32cudeIDE/STM32CubeIDE_1.15.1/STM32CubeIDE/plugins/com.st.stm32cube.ide.mcu.externaltools.gnu-tools-for-stm32.12.3.rel1.win32_1.0.100.202403111256/tools/bin/../lib/gcc/arm-none-eabi/12.3.1/thumb/v7e-m+fp/hard/crtend.o
LOAD D:/Software/STM32cudeIDE/STM32CubeIDE_1.15.1/STM32CubeIDE/plugins/com.st.stm32cube.ide.mcu.externaltools.gnu-tools-for-stm32.12.3.rel1.win32_1.0.100.202403111256/tools/bin/../lib/gcc/arm-none-eabi/12.3.1/thumb/v7e-m+fp/hard/crtn.o
                0x20020000                        _estack = (ORIGIN (RAM) + LENGTH (RAM))
                0x00000200                        _Min_Heap_Size = 0x200
                0x00000400                        _Min_Stack_Size = 0x400

.isr_vector     0x08000000      0x1d8
                0x08000000                        . = ALIGN (0x4)
 *(.isr_vector)
 .isr_vector    0x08000000      0x1d8 ./Core/Startup/startup_stm32g474rbtx.o
                0x08000000                g_pfnVectors
                0x080001d8                        . = ALIGN (0x4)

.text           0x080001e0     0xc9d0
                0x080001e0                        . = ALIGN (0x4)
 *(.text)
 .text          0x080001e0       0x40 D:/Software/STM32cudeIDE/STM32CubeIDE_1.15.1/STM32CubeIDE/plugins/com.st.stm32cube.ide.mcu.externaltools.gnu-tools-for-stm32.12.3.rel1.win32_1.0.100.202403111256/tools/bin/../lib/gcc/arm-none-eabi/12.3.1/thumb/v7e-m+fp/hard/crtbegin.o
 .text          0x08000220       0x10 D:/Software/STM32cudeIDE/STM32CubeIDE_1.15.1/STM32CubeIDE/plugins/com.st.stm32cube.ide.mcu.externaltools.gnu-tools-for-stm32.12.3.rel1.win32_1.0.100.202403111256/tools/bin/../lib/gcc/arm-none-eabi/12.3.1/../../../../arm-none-eabi/lib/thumb/v7e-m+fp/hard\libc_nano.a(libc_a-strlen.o)
                0x08000220                strlen
 .text          0x08000230       0xa0 D:/Software/STM32cudeIDE/STM32CubeIDE_1.15.1/STM32CubeIDE/plugins/com.st.stm32cube.ide.mcu.externaltools.gnu-tools-for-stm32.12.3.rel1.win32_1.0.100.202403111256/tools/bin/../lib/gcc/arm-none-eabi/12.3.1/../../../../arm-none-eabi/lib/thumb/v7e-m+fp/hard\libc_nano.a(libc_a-memchr.o)
                0x08000230                memchr
 .text          0x080002d0       0x30 D:/Software/STM32cudeIDE/STM32CubeIDE_1.15.1/STM32CubeIDE/plugins/com.st.stm32cube.ide.mcu.externaltools.gnu-tools-for-stm32.12.3.rel1.win32_1.0.100.202403111256/tools/bin/../lib/gcc/arm-none-eabi/12.3.1/thumb/v7e-m+fp/hard\libgcc.a(_aeabi_uldivmod.o)
                0x080002d0                __aeabi_uldivmod
 .text          0x08000300      0x2bc D:/Software/STM32cudeIDE/STM32CubeIDE_1.15.1/STM32CubeIDE/plugins/com.st.stm32cube.ide.mcu.externaltools.gnu-tools-for-stm32.12.3.rel1.win32_1.0.100.202403111256/tools/bin/../lib/gcc/arm-none-eabi/12.3.1/thumb/v7e-m+fp/hard\libgcc.a(_udivmoddi4.o)
                0x08000300                __udivmoddi4
 .text          0x080005bc        0x4 D:/Software/STM32cudeIDE/STM32CubeIDE_1.15.1/STM32CubeIDE/plugins/com.st.stm32cube.ide.mcu.externaltools.gnu-tools-for-stm32.12.3.rel1.win32_1.0.100.202403111256/tools/bin/../lib/gcc/arm-none-eabi/12.3.1/thumb/v7e-m+fp/hard\libgcc.a(_dvmd_tls.o)
                0x080005bc                __aeabi_idiv0
                0x080005bc                __aeabi_ldiv0
 *(.text*)
 .text.Packet_to_ESP
                0x080005c0      0x178 ./Core/Src/ToESP.o
                0x080005c0                Packet_to_ESP
 .text.Serial_Print
                0x08000738       0x24 ./Core/Src/main.o
                0x08000738                Serial_Print
 .text.EVSE_state
                0x0800075c       0x7c ./Core/Src/main.o
                0x0800075c                EVSE_state
 .text.ESP_Send
                0x080007d8       0x1c ./Core/Src/main.o
                0x080007d8                ESP_Send
 .text.SPI_Transmit_Receive
                0x080007f4       0x4c ./Core/Src/main.o
                0x080007f4                SPI_Transmit_Receive
 .text.HMI_Print
                0x08000840       0x54 ./Core/Src/main.o
                0x08000840                HMI_Print
 .text.HAL_TIM_PeriodElapsedCallback
                0x08000894       0x14 ./Core/Src/main.o
                0x08000894                HAL_TIM_PeriodElapsedCallback
 .text.calculate_checksum
                0x080008a8       0x40 ./Core/Src/main.o
                0x080008a8                calculate_checksum
 .text.create_frame
                0x080008e8       0x58 ./Core/Src/main.o
                0x080008e8                create_frame
 .text.send_frames
                0x08000940       0x74 ./Core/Src/main.o
                0x08000940                send_frames
 .text.HAL_UART_RxCpltCallback
                0x080009b4      0x354 ./Core/Src/main.o
                0x080009b4                HAL_UART_RxCpltCallback
 .text.HAL_GPIO_EXTI_Callback
                0x08000d08       0x1c ./Core/Src/main.o
                0x08000d08                HAL_GPIO_EXTI_Callback
 .text.main     0x08000d24      0xb0c ./Core/Src/main.o
                0x08000d24                main
 .text.SystemClock_Config
                0x08001830       0x98 ./Core/Src/main.o
                0x08001830                SystemClock_Config
 .text.MX_ADC1_Init
                0x080018c8       0xf0 ./Core/Src/main.o
 .text.MX_FDCAN2_Init
                0x080019b8       0x8c ./Core/Src/main.o
 .text.MX_SPI2_Init
                0x08001a44       0x7c ./Core/Src/main.o
 .text.MX_TIM1_Init
                0x08001ac0      0x124 ./Core/Src/main.o
 .text.MX_TIM17_Init
                0x08001be4       0x50 ./Core/Src/main.o
 .text.MX_UART4_Init
                0x08001c34       0x98 ./Core/Src/main.o
 .text.MX_USART1_UART_Init
                0x08001ccc       0x98 ./Core/Src/main.o
 .text.MX_USART2_UART_Init
                0x08001d64       0x98 ./Core/Src/main.o
 .text.MX_USART3_UART_Init
                0x08001dfc       0x98 ./Core/Src/main.o
 .text.MX_DMA_Init
                0x08001e94       0x64 ./Core/Src/main.o
 .text.MX_GPIO_Init
                0x08001ef8      0x144 ./Core/Src/main.o
 .text.Error_Handler
                0x0800203c        0xc ./Core/Src/main.o
                0x0800203c                Error_Handler
 .text.HAL_MspInit
                0x08002048       0x48 ./Core/Src/stm32g4xx_hal_msp.o
                0x08002048                HAL_MspInit
 .text.HAL_ADC_MspInit
                0x08002090       0xb8 ./Core/Src/stm32g4xx_hal_msp.o
                0x08002090                HAL_ADC_MspInit
 .text.HAL_FDCAN_MspInit
                0x08002148       0xc4 ./Core/Src/stm32g4xx_hal_msp.o
                0x08002148                HAL_FDCAN_MspInit
 .text.HAL_SPI_MspInit
                0x0800220c       0x98 ./Core/Src/stm32g4xx_hal_msp.o
                0x0800220c                HAL_SPI_MspInit
 .text.HAL_TIM_PWM_MspInit
                0x080022a4       0x6c ./Core/Src/stm32g4xx_hal_msp.o
                0x080022a4                HAL_TIM_PWM_MspInit
 .text.HAL_TIM_Base_MspInit
                0x08002310       0x4c ./Core/Src/stm32g4xx_hal_msp.o
                0x08002310                HAL_TIM_Base_MspInit
 .text.HAL_TIM_MspPostInit
                0x0800235c       0x70 ./Core/Src/stm32g4xx_hal_msp.o
                0x0800235c                HAL_TIM_MspPostInit
 .text.HAL_UART_MspInit
                0x080023cc      0x354 ./Core/Src/stm32g4xx_hal_msp.o
                0x080023cc                HAL_UART_MspInit
 .text.NMI_Handler
                0x08002720        0x8 ./Core/Src/stm32g4xx_it.o
                0x08002720                NMI_Handler
 .text.HardFault_Handler
                0x08002728        0x8 ./Core/Src/stm32g4xx_it.o
                0x08002728                HardFault_Handler
 .text.MemManage_Handler
                0x08002730        0x8 ./Core/Src/stm32g4xx_it.o
                0x08002730                MemManage_Handler
 .text.BusFault_Handler
                0x08002738        0x8 ./Core/Src/stm32g4xx_it.o
                0x08002738                BusFault_Handler
 .text.UsageFault_Handler
                0x08002740        0x8 ./Core/Src/stm32g4xx_it.o
                0x08002740                UsageFault_Handler
 .text.SVC_Handler
                0x08002748        0xe ./Core/Src/stm32g4xx_it.o
                0x08002748                SVC_Handler
 .text.DebugMon_Handler
                0x08002756        0xe ./Core/Src/stm32g4xx_it.o
                0x08002756                DebugMon_Handler
 .text.PendSV_Handler
                0x08002764        0xe ./Core/Src/stm32g4xx_it.o
                0x08002764                PendSV_Handler
 .text.SysTick_Handler
                0x08002772        0xc ./Core/Src/stm32g4xx_it.o
                0x08002772                SysTick_Handler
 .text.EXTI1_IRQHandler
                0x0800277e        0xe ./Core/Src/stm32g4xx_it.o
                0x0800277e                EXTI1_IRQHandler
 .text.DMA1_Channel1_IRQHandler
                0x0800278c       0x14 ./Core/Src/stm32g4xx_it.o
                0x0800278c                DMA1_Channel1_IRQHandler
 .text.DMA1_Channel2_IRQHandler
                0x080027a0       0x14 ./Core/Src/stm32g4xx_it.o
                0x080027a0                DMA1_Channel2_IRQHandler
 .text.ADC1_2_IRQHandler
                0x080027b4       0x14 ./Core/Src/stm32g4xx_it.o
                0x080027b4                ADC1_2_IRQHandler
 .text.TIM1_BRK_TIM15_IRQHandler
                0x080027c8       0x14 ./Core/Src/stm32g4xx_it.o
                0x080027c8                TIM1_BRK_TIM15_IRQHandler
 .text.TIM1_UP_TIM16_IRQHandler
                0x080027dc       0x14 ./Core/Src/stm32g4xx_it.o
                0x080027dc                TIM1_UP_TIM16_IRQHandler
 .text.TIM1_TRG_COM_TIM17_IRQHandler
                0x080027f0       0x1c ./Core/Src/stm32g4xx_it.o
                0x080027f0                TIM1_TRG_COM_TIM17_IRQHandler
 .text.SPI2_IRQHandler
                0x0800280c       0x14 ./Core/Src/stm32g4xx_it.o
                0x0800280c                SPI2_IRQHandler
 .text.EXTI15_10_IRQHandler
                0x08002820       0x10 ./Core/Src/stm32g4xx_it.o
                0x08002820                EXTI15_10_IRQHandler
 .text.FDCAN2_IT0_IRQHandler
                0x08002830       0x14 ./Core/Src/stm32g4xx_it.o
                0x08002830                FDCAN2_IT0_IRQHandler
 .text._getpid  0x08002844       0x10 ./Core/Src/syscalls.o
                0x08002844                _getpid
 .text._kill    0x08002854       0x20 ./Core/Src/syscalls.o
                0x08002854                _kill
 .text._exit    0x08002874       0x16 ./Core/Src/syscalls.o
                0x08002874                _exit
 .text._read    0x0800288a       0x3a ./Core/Src/syscalls.o
                0x0800288a                _read
 .text._write   0x080028c4       0x38 ./Core/Src/syscalls.o
                0x080028c4                _write
 .text._close   0x080028fc       0x18 ./Core/Src/syscalls.o
                0x080028fc                _close
 .text._fstat   0x08002914       0x20 ./Core/Src/syscalls.o
                0x08002914                _fstat
 .text._isatty  0x08002934       0x16 ./Core/Src/syscalls.o
                0x08002934                _isatty
 .text._lseek   0x0800294a       0x1a ./Core/Src/syscalls.o
                0x0800294a                _lseek
 .text._sbrk    0x08002964       0x6c ./Core/Src/sysmem.o
                0x08002964                _sbrk
 .text.SystemInit
                0x080029d0       0x24 ./Core/Src/system_stm32g4xx.o
                0x080029d0                SystemInit
 .text.Reset_Handler
                0x080029f4       0x50 ./Core/Startup/startup_stm32g474rbtx.o
                0x080029f4                Reset_Handler
 .text.Default_Handler
                0x08002a44        0x2 ./Core/Startup/startup_stm32g474rbtx.o
                0x08002a44                RTC_Alarm_IRQHandler
                0x08002a44                EXTI2_IRQHandler
                0x08002a44                TIM8_TRG_COM_IRQHandler
                0x08002a44                TIM8_CC_IRQHandler
                0x08002a44                HRTIM1_Master_IRQHandler
                0x08002a44                SPI4_IRQHandler
                0x08002a44                FDCAN3_IT0_IRQHandler
                0x08002a44                TIM1_CC_IRQHandler
                0x08002a44                HRTIM1_FLT_IRQHandler
                0x08002a44                HRTIM1_TIMF_IRQHandler
                0x08002a44                USB_HP_IRQHandler
                0x08002a44                CORDIC_IRQHandler
                0x08002a44                HRTIM1_TIMD_IRQHandler
                0x08002a44                DMA2_Channel8_IRQHandler
                0x08002a44                EXTI3_IRQHandler
                0x08002a44                I2C3_ER_IRQHandler
                0x08002a44                EXTI0_IRQHandler
                0x08002a44                I2C2_EV_IRQHandler
                0x08002a44                FPU_IRQHandler
                0x08002a44                FDCAN1_IT1_IRQHandler
                0x08002a44                HRTIM1_TIME_IRQHandler
                0x08002a44                SPI1_IRQHandler
                0x08002a44                TIM6_DAC_IRQHandler
                0x08002a44                HRTIM1_TIMC_IRQHandler
                0x08002a44                TIM8_UP_IRQHandler
                0x08002a44                DMA2_Channel2_IRQHandler
                0x08002a44                DMA1_Channel4_IRQHandler
                0x08002a44                TIM20_TRG_COM_IRQHandler
                0x08002a44                USART3_IRQHandler
                0x08002a44                DMA1_Channel7_IRQHandler
                0x08002a44                UART5_IRQHandler
                0x08002a44                ADC3_IRQHandler
                0x08002a44                TIM4_IRQHandler
                0x08002a44                DMA2_Channel1_IRQHandler
                0x08002a44                QUADSPI_IRQHandler
                0x08002a44                I2C1_EV_IRQHandler
                0x08002a44                DMA1_Channel6_IRQHandler
                0x08002a44                UART4_IRQHandler
                0x08002a44                DMA2_Channel4_IRQHandler
                0x08002a44                TIM3_IRQHandler
                0x08002a44                RCC_IRQHandler
                0x08002a44                TIM20_UP_IRQHandler
                0x08002a44                Default_Handler
                0x08002a44                DMA2_Channel7_IRQHandler
                0x08002a44                RTC_TAMP_LSECSS_IRQHandler
                0x08002a44                FMAC_IRQHandler
                0x08002a44                DMA1_Channel8_IRQHandler
                0x08002a44                HRTIM1_TIMA_IRQHandler
                0x08002a44                TIM7_DAC_IRQHandler
                0x08002a44                FDCAN3_IT1_IRQHandler
                0x08002a44                TIM5_IRQHandler
                0x08002a44                UCPD1_IRQHandler
                0x08002a44                I2C3_EV_IRQHandler
                0x08002a44                EXTI9_5_IRQHandler
                0x08002a44                RTC_WKUP_IRQHandler
                0x08002a44                PVD_PVM_IRQHandler
                0x08002a44                ADC5_IRQHandler
                0x08002a44                DMA2_Channel5_IRQHandler
                0x08002a44                CRS_IRQHandler
                0x08002a44                DMA1_Channel5_IRQHandler
                0x08002a44                USB_LP_IRQHandler
                0x08002a44                EXTI4_IRQHandler
                0x08002a44                RNG_IRQHandler
                0x08002a44                HRTIM1_TIMB_IRQHandler
                0x08002a44                FDCAN2_IT1_IRQHandler
                0x08002a44                DMA1_Channel3_IRQHandler
                0x08002a44                ADC4_IRQHandler
                0x08002a44                WWDG_IRQHandler
                0x08002a44                I2C4_EV_IRQHandler
                0x08002a44                LPUART1_IRQHandler
                0x08002a44                DMA2_Channel6_IRQHandler
                0x08002a44                FDCAN1_IT0_IRQHandler
                0x08002a44                TIM2_IRQHandler
                0x08002a44                COMP7_IRQHandler
                0x08002a44                COMP1_2_3_IRQHandler
                0x08002a44                USART2_IRQHandler
                0x08002a44                COMP4_5_6_IRQHandler
                0x08002a44                TIM20_BRK_IRQHandler
                0x08002a44                I2C2_ER_IRQHandler
                0x08002a44                TIM8_BRK_IRQHandler
                0x08002a44                FLASH_IRQHandler
                0x08002a44                TIM20_CC_IRQHandler
                0x08002a44                USART1_IRQHandler
                0x08002a44                SPI3_IRQHandler
                0x08002a44                I2C1_ER_IRQHandler
                0x08002a44                FMC_IRQHandler
                0x08002a44                LPTIM1_IRQHandler
                0x08002a44                DMAMUX_OVR_IRQHandler
                0x08002a44                I2C4_ER_IRQHandler
                0x08002a44                USBWakeUp_IRQHandler
                0x08002a44                SAI1_IRQHandler
                0x08002a44                DMA2_Channel3_IRQHandler
 .text.HAL_Init
                0x08002a46       0x30 ./Drivers/STM32G4xx_HAL_Driver/Src/stm32g4xx_hal.o
                0x08002a46                HAL_Init
 *fill*         0x08002a76        0x2 
 .text.HAL_InitTick
                0x08002a78       0x74 ./Drivers/STM32G4xx_HAL_Driver/Src/stm32g4xx_hal.o
                0x08002a78                HAL_InitTick
 .text.HAL_IncTick
                0x08002aec       0x24 ./Drivers/STM32G4xx_HAL_Driver/Src/stm32g4xx_hal.o
                0x08002aec                HAL_IncTick
 .text.HAL_GetTick
                0x08002b10       0x18 ./Drivers/STM32G4xx_HAL_Driver/Src/stm32g4xx_hal.o
                0x08002b10                HAL_GetTick
 .text.LL_ADC_SetCommonClock
                0x08002b28       0x26 ./Drivers/STM32G4xx_HAL_Driver/Src/stm32g4xx_hal_adc.o
 .text.LL_ADC_SetCommonPathInternalCh
                0x08002b4e       0x26 ./Drivers/STM32G4xx_HAL_Driver/Src/stm32g4xx_hal_adc.o
 .text.LL_ADC_GetCommonPathInternalCh
                0x08002b74       0x1c ./Drivers/STM32G4xx_HAL_Driver/Src/stm32g4xx_hal_adc.o
 .text.LL_ADC_SetOffset
                0x08002b90       0x48 ./Drivers/STM32G4xx_HAL_Driver/Src/stm32g4xx_hal_adc.o
 .text.LL_ADC_GetOffsetChannel
                0x08002bd8       0x2c ./Drivers/STM32G4xx_HAL_Driver/Src/stm32g4xx_hal_adc.o
 .text.LL_ADC_SetOffsetState
                0x08002c04       0x36 ./Drivers/STM32G4xx_HAL_Driver/Src/stm32g4xx_hal_adc.o
 .text.LL_ADC_SetOffsetSign
                0x08002c3a       0x36 ./Drivers/STM32G4xx_HAL_Driver/Src/stm32g4xx_hal_adc.o
 .text.LL_ADC_SetOffsetSaturation
                0x08002c70       0x36 ./Drivers/STM32G4xx_HAL_Driver/Src/stm32g4xx_hal_adc.o
 .text.LL_ADC_SetSamplingTimeCommonConfig
                0x08002ca6       0x26 ./Drivers/STM32G4xx_HAL_Driver/Src/stm32g4xx_hal_adc.o
 .text.LL_ADC_REG_IsTriggerSourceSWStart
                0x08002ccc       0x26 ./Drivers/STM32G4xx_HAL_Driver/Src/stm32g4xx_hal_adc.o
 .text.LL_ADC_REG_SetSequencerRanks
                0x08002cf2       0x58 ./Drivers/STM32G4xx_HAL_Driver/Src/stm32g4xx_hal_adc.o
 .text.LL_ADC_INJ_IsTriggerSourceSWStart
                0x08002d4a       0x26 ./Drivers/STM32G4xx_HAL_Driver/Src/stm32g4xx_hal_adc.o
 .text.LL_ADC_SetChannelSamplingTime
                0x08002d70       0x56 ./Drivers/STM32G4xx_HAL_Driver/Src/stm32g4xx_hal_adc.o
 *fill*         0x08002dc6        0x2 
 .text.LL_ADC_SetChannelSingleDiff
                0x08002dc8       0x50 ./Drivers/STM32G4xx_HAL_Driver/Src/stm32g4xx_hal_adc.o
 .text.LL_ADC_GetMultimode
                0x08002e18       0x1c ./Drivers/STM32G4xx_HAL_Driver/Src/stm32g4xx_hal_adc.o
 .text.LL_ADC_GetMultiDMATransfer
                0x08002e34       0x1c ./Drivers/STM32G4xx_HAL_Driver/Src/stm32g4xx_hal_adc.o
 .text.LL_ADC_DisableDeepPowerDown
                0x08002e50       0x24 ./Drivers/STM32G4xx_HAL_Driver/Src/stm32g4xx_hal_adc.o
 .text.LL_ADC_IsDeepPowerDownEnabled
                0x08002e74       0x28 ./Drivers/STM32G4xx_HAL_Driver/Src/stm32g4xx_hal_adc.o
 .text.LL_ADC_EnableInternalRegulator
                0x08002e9c       0x28 ./Drivers/STM32G4xx_HAL_Driver/Src/stm32g4xx_hal_adc.o
 .text.LL_ADC_IsInternalRegulatorEnabled
                0x08002ec4       0x28 ./Drivers/STM32G4xx_HAL_Driver/Src/stm32g4xx_hal_adc.o
 .text.LL_ADC_IsEnabled
                0x08002eec       0x26 ./Drivers/STM32G4xx_HAL_Driver/Src/stm32g4xx_hal_adc.o
 .text.LL_ADC_REG_IsConversionOngoing
                0x08002f12       0x26 ./Drivers/STM32G4xx_HAL_Driver/Src/stm32g4xx_hal_adc.o
 .text.LL_ADC_INJ_IsConversionOngoing
                0x08002f38       0x26 ./Drivers/STM32G4xx_HAL_Driver/Src/stm32g4xx_hal_adc.o
 *fill*         0x08002f5e        0x2 
 .text.HAL_ADC_Init
                0x08002f60      0x384 ./Drivers/STM32G4xx_HAL_Driver/Src/stm32g4xx_hal_adc.o
                0x08002f60                HAL_ADC_Init
 .text.HAL_ADC_IRQHandler
                0x080032e4      0x4c0 ./Drivers/STM32G4xx_HAL_Driver/Src/stm32g4xx_hal_adc.o
                0x080032e4                HAL_ADC_IRQHandler
 .text.HAL_ADC_ConvCpltCallback
                0x080037a4       0x14 ./Drivers/STM32G4xx_HAL_Driver/Src/stm32g4xx_hal_adc.o
                0x080037a4                HAL_ADC_ConvCpltCallback
 .text.HAL_ADC_LevelOutOfWindowCallback
                0x080037b8       0x14 ./Drivers/STM32G4xx_HAL_Driver/Src/stm32g4xx_hal_adc.o
                0x080037b8                HAL_ADC_LevelOutOfWindowCallback
 .text.HAL_ADC_ErrorCallback
                0x080037cc       0x14 ./Drivers/STM32G4xx_HAL_Driver/Src/stm32g4xx_hal_adc.o
                0x080037cc                HAL_ADC_ErrorCallback
 .text.HAL_ADC_ConfigChannel
                0x080037e0      0x880 ./Drivers/STM32G4xx_HAL_Driver/Src/stm32g4xx_hal_adc.o
                0x080037e0                HAL_ADC_ConfigChannel
 .text.LL_ADC_IsEnabled
                0x08004060       0x26 ./Drivers/STM32G4xx_HAL_Driver/Src/stm32g4xx_hal_adc_ex.o
 .text.LL_ADC_REG_IsConversionOngoing
                0x08004086       0x26 ./Drivers/STM32G4xx_HAL_Driver/Src/stm32g4xx_hal_adc_ex.o
 .text.HAL_ADCEx_InjectedConvCpltCallback
                0x080040ac       0x14 ./Drivers/STM32G4xx_HAL_Driver/Src/stm32g4xx_hal_adc_ex.o
                0x080040ac                HAL_ADCEx_InjectedConvCpltCallback
 .text.HAL_ADCEx_InjectedQueueOverflowCallback
                0x080040c0       0x14 ./Drivers/STM32G4xx_HAL_Driver/Src/stm32g4xx_hal_adc_ex.o
                0x080040c0                HAL_ADCEx_InjectedQueueOverflowCallback
 .text.HAL_ADCEx_LevelOutOfWindow2Callback
                0x080040d4       0x14 ./Drivers/STM32G4xx_HAL_Driver/Src/stm32g4xx_hal_adc_ex.o
                0x080040d4                HAL_ADCEx_LevelOutOfWindow2Callback
 .text.HAL_ADCEx_LevelOutOfWindow3Callback
                0x080040e8       0x14 ./Drivers/STM32G4xx_HAL_Driver/Src/stm32g4xx_hal_adc_ex.o
                0x080040e8                HAL_ADCEx_LevelOutOfWindow3Callback
 .text.HAL_ADCEx_EndOfSamplingCallback
                0x080040fc       0x14 ./Drivers/STM32G4xx_HAL_Driver/Src/stm32g4xx_hal_adc_ex.o
                0x080040fc                HAL_ADCEx_EndOfSamplingCallback
 .text.HAL_ADCEx_MultiModeConfigChannel
                0x08004110      0x210 ./Drivers/STM32G4xx_HAL_Driver/Src/stm32g4xx_hal_adc_ex.o
                0x08004110                HAL_ADCEx_MultiModeConfigChannel
 .text.__NVIC_SetPriorityGrouping
                0x08004320       0x48 ./Drivers/STM32G4xx_HAL_Driver/Src/stm32g4xx_hal_cortex.o
 .text.__NVIC_GetPriorityGrouping
                0x08004368       0x1c ./Drivers/STM32G4xx_HAL_Driver/Src/stm32g4xx_hal_cortex.o
 .text.__NVIC_EnableIRQ
                0x08004384       0x3c ./Drivers/STM32G4xx_HAL_Driver/Src/stm32g4xx_hal_cortex.o
 .text.__NVIC_SetPriority
                0x080043c0       0x54 ./Drivers/STM32G4xx_HAL_Driver/Src/stm32g4xx_hal_cortex.o
 .text.NVIC_EncodePriority
                0x08004414       0x66 ./Drivers/STM32G4xx_HAL_Driver/Src/stm32g4xx_hal_cortex.o
 *fill*         0x0800447a        0x2 
 .text.SysTick_Config
                0x0800447c       0x44 ./Drivers/STM32G4xx_HAL_Driver/Src/stm32g4xx_hal_cortex.o
 .text.HAL_NVIC_SetPriorityGrouping
                0x080044c0       0x16 ./Drivers/STM32G4xx_HAL_Driver/Src/stm32g4xx_hal_cortex.o
                0x080044c0                HAL_NVIC_SetPriorityGrouping
 .text.HAL_NVIC_SetPriority
                0x080044d6       0x34 ./Drivers/STM32G4xx_HAL_Driver/Src/stm32g4xx_hal_cortex.o
                0x080044d6                HAL_NVIC_SetPriority
 .text.HAL_NVIC_EnableIRQ
                0x0800450a       0x1c ./Drivers/STM32G4xx_HAL_Driver/Src/stm32g4xx_hal_cortex.o
                0x0800450a                HAL_NVIC_EnableIRQ
 .text.HAL_SYSTICK_Config
                0x08004526       0x18 ./Drivers/STM32G4xx_HAL_Driver/Src/stm32g4xx_hal_cortex.o
                0x08004526                HAL_SYSTICK_Config
 *fill*         0x0800453e        0x2 
 .text.HAL_DMA_Init
                0x08004540      0x150 ./Drivers/STM32G4xx_HAL_Driver/Src/stm32g4xx_hal_dma.o
                0x08004540                HAL_DMA_Init
 .text.HAL_DMA_Start_IT
                0x08004690       0xf6 ./Drivers/STM32G4xx_HAL_Driver/Src/stm32g4xx_hal_dma.o
                0x08004690                HAL_DMA_Start_IT
 .text.HAL_DMA_Abort_IT
                0x08004786       0xce ./Drivers/STM32G4xx_HAL_Driver/Src/stm32g4xx_hal_dma.o
                0x08004786                HAL_DMA_Abort_IT
 .text.HAL_DMA_IRQHandler
                0x08004854      0x15e ./Drivers/STM32G4xx_HAL_Driver/Src/stm32g4xx_hal_dma.o
                0x08004854                HAL_DMA_IRQHandler
 .text.DMA_SetConfig
                0x080049b2       0x7c ./Drivers/STM32G4xx_HAL_Driver/Src/stm32g4xx_hal_dma.o
 *fill*         0x08004a2e        0x2 
 .text.DMA_CalcDMAMUXChannelBaseAndMask
                0x08004a30       0x7c ./Drivers/STM32G4xx_HAL_Driver/Src/stm32g4xx_hal_dma.o
 .text.DMA_CalcDMAMUXRequestGenBaseAndMask
                0x08004aac       0x48 ./Drivers/STM32G4xx_HAL_Driver/Src/stm32g4xx_hal_dma.o
 .text.HAL_FDCAN_Init
                0x08004af4      0x2b4 ./Drivers/STM32G4xx_HAL_Driver/Src/stm32g4xx_hal_fdcan.o
                0x08004af4                HAL_FDCAN_Init
 .text.HAL_FDCAN_IRQHandler
                0x08004da8      0x272 ./Drivers/STM32G4xx_HAL_Driver/Src/stm32g4xx_hal_fdcan.o
                0x08004da8                HAL_FDCAN_IRQHandler
 .text.HAL_FDCAN_TxEventFifoCallback
                0x0800501a       0x16 ./Drivers/STM32G4xx_HAL_Driver/Src/stm32g4xx_hal_fdcan.o
                0x0800501a                HAL_FDCAN_TxEventFifoCallback
 .text.HAL_FDCAN_RxFifo0Callback
                0x08005030       0x16 ./Drivers/STM32G4xx_HAL_Driver/Src/stm32g4xx_hal_fdcan.o
                0x08005030                HAL_FDCAN_RxFifo0Callback
 .text.HAL_FDCAN_RxFifo1Callback
                0x08005046       0x16 ./Drivers/STM32G4xx_HAL_Driver/Src/stm32g4xx_hal_fdcan.o
                0x08005046                HAL_FDCAN_RxFifo1Callback
 .text.HAL_FDCAN_TxFifoEmptyCallback
                0x0800505c       0x14 ./Drivers/STM32G4xx_HAL_Driver/Src/stm32g4xx_hal_fdcan.o
                0x0800505c                HAL_FDCAN_TxFifoEmptyCallback
 .text.HAL_FDCAN_TxBufferCompleteCallback
                0x08005070       0x16 ./Drivers/STM32G4xx_HAL_Driver/Src/stm32g4xx_hal_fdcan.o
                0x08005070                HAL_FDCAN_TxBufferCompleteCallback
 .text.HAL_FDCAN_TxBufferAbortCallback
                0x08005086       0x16 ./Drivers/STM32G4xx_HAL_Driver/Src/stm32g4xx_hal_fdcan.o
                0x08005086                HAL_FDCAN_TxBufferAbortCallback
 .text.HAL_FDCAN_TimestampWraparoundCallback
                0x0800509c       0x14 ./Drivers/STM32G4xx_HAL_Driver/Src/stm32g4xx_hal_fdcan.o
                0x0800509c                HAL_FDCAN_TimestampWraparoundCallback
 .text.HAL_FDCAN_TimeoutOccurredCallback
                0x080050b0       0x14 ./Drivers/STM32G4xx_HAL_Driver/Src/stm32g4xx_hal_fdcan.o
                0x080050b0                HAL_FDCAN_TimeoutOccurredCallback
 .text.HAL_FDCAN_HighPriorityMessageCallback
                0x080050c4       0x14 ./Drivers/STM32G4xx_HAL_Driver/Src/stm32g4xx_hal_fdcan.o
                0x080050c4                HAL_FDCAN_HighPriorityMessageCallback
 .text.HAL_FDCAN_ErrorCallback
                0x080050d8       0x14 ./Drivers/STM32G4xx_HAL_Driver/Src/stm32g4xx_hal_fdcan.o
                0x080050d8                HAL_FDCAN_ErrorCallback
 .text.HAL_FDCAN_ErrorStatusCallback
                0x080050ec       0x16 ./Drivers/STM32G4xx_HAL_Driver/Src/stm32g4xx_hal_fdcan.o
                0x080050ec                HAL_FDCAN_ErrorStatusCallback
 *fill*         0x08005102        0x2 
 .text.FDCAN_CalcultateRamBlockAddresses
                0x08005104       0xd8 ./Drivers/STM32G4xx_HAL_Driver/Src/stm32g4xx_hal_fdcan.o
 .text.HAL_GPIO_Init
                0x080051dc      0x304 ./Drivers/STM32G4xx_HAL_Driver/Src/stm32g4xx_hal_gpio.o
                0x080051dc                HAL_GPIO_Init
 .text.HAL_GPIO_WritePin
                0x080054e0       0x30 ./Drivers/STM32G4xx_HAL_Driver/Src/stm32g4xx_hal_gpio.o
                0x080054e0                HAL_GPIO_WritePin
 .text.HAL_GPIO_EXTI_IRQHandler
                0x08005510       0x30 ./Drivers/STM32G4xx_HAL_Driver/Src/stm32g4xx_hal_gpio.o
                0x08005510                HAL_GPIO_EXTI_IRQHandler
 .text.HAL_PWREx_ControlVoltageScaling
                0x08005540      0x148 ./Drivers/STM32G4xx_HAL_Driver/Src/stm32g4xx_hal_pwr_ex.o
                0x08005540                HAL_PWREx_ControlVoltageScaling
 .text.HAL_PWREx_DisableUCPDDeadBattery
                0x08005688       0x20 ./Drivers/STM32G4xx_HAL_Driver/Src/stm32g4xx_hal_pwr_ex.o
                0x08005688                HAL_PWREx_DisableUCPDDeadBattery
 .text.HAL_RCC_OscConfig
                0x080056a8      0x630 ./Drivers/STM32G4xx_HAL_Driver/Src/stm32g4xx_hal_rcc.o
                0x080056a8                HAL_RCC_OscConfig
 .text.HAL_RCC_ClockConfig
                0x08005cd8      0x278 ./Drivers/STM32G4xx_HAL_Driver/Src/stm32g4xx_hal_rcc.o
                0x08005cd8                HAL_RCC_ClockConfig
 .text.HAL_RCC_GetSysClockFreq
                0x08005f50       0xc4 ./Drivers/STM32G4xx_HAL_Driver/Src/stm32g4xx_hal_rcc.o
                0x08005f50                HAL_RCC_GetSysClockFreq
 .text.HAL_RCC_GetHCLKFreq
                0x08006014       0x18 ./Drivers/STM32G4xx_HAL_Driver/Src/stm32g4xx_hal_rcc.o
                0x08006014                HAL_RCC_GetHCLKFreq
 .text.HAL_RCC_GetPCLK1Freq
                0x0800602c       0x2c ./Drivers/STM32G4xx_HAL_Driver/Src/stm32g4xx_hal_rcc.o
                0x0800602c                HAL_RCC_GetPCLK1Freq
 .text.HAL_RCC_GetPCLK2Freq
                0x08006058       0x2c ./Drivers/STM32G4xx_HAL_Driver/Src/stm32g4xx_hal_rcc.o
                0x08006058                HAL_RCC_GetPCLK2Freq
 .text.RCC_GetSysClockFreqFromPLLSource
                0x08006084       0x8c ./Drivers/STM32G4xx_HAL_Driver/Src/stm32g4xx_hal_rcc.o
 .text.HAL_RCCEx_PeriphCLKConfig
                0x08006110      0x49c ./Drivers/STM32G4xx_HAL_Driver/Src/stm32g4xx_hal_rcc_ex.o
                0x08006110                HAL_RCCEx_PeriphCLKConfig
 .text.HAL_SPI_Init
                0x080065ac      0x156 ./Drivers/STM32G4xx_HAL_Driver/Src/stm32g4xx_hal_spi.o
                0x080065ac                HAL_SPI_Init
 .text.HAL_SPI_TransmitReceive
                0x08006702      0x426 ./Drivers/STM32G4xx_HAL_Driver/Src/stm32g4xx_hal_spi.o
                0x08006702                HAL_SPI_TransmitReceive
 .text.HAL_SPI_IRQHandler
                0x08006b28      0x1e8 ./Drivers/STM32G4xx_HAL_Driver/Src/stm32g4xx_hal_spi.o
                0x08006b28                HAL_SPI_IRQHandler
 .text.HAL_SPI_ErrorCallback
                0x08006d10       0x14 ./Drivers/STM32G4xx_HAL_Driver/Src/stm32g4xx_hal_spi.o
                0x08006d10                HAL_SPI_ErrorCallback
 .text.SPI_DMAAbortOnError
                0x08006d24       0x2a ./Drivers/STM32G4xx_HAL_Driver/Src/stm32g4xx_hal_spi.o
 *fill*         0x08006d4e        0x2 
 .text.SPI_WaitFlagStateUntilTimeout
                0x08006d50      0x110 ./Drivers/STM32G4xx_HAL_Driver/Src/stm32g4xx_hal_spi.o
 .text.SPI_WaitFifoStateUntilTimeout
                0x08006e60      0x12c ./Drivers/STM32G4xx_HAL_Driver/Src/stm32g4xx_hal_spi.o
 .text.SPI_EndRxTxTransaction
                0x08006f8c       0x8c ./Drivers/STM32G4xx_HAL_Driver/Src/stm32g4xx_hal_spi.o
 .text.HAL_TIM_Base_Init
                0x08007018       0xae ./Drivers/STM32G4xx_HAL_Driver/Src/stm32g4xx_hal_tim.o
                0x08007018                HAL_TIM_Base_Init
 .text.HAL_TIM_PWM_Init
                0x080070c6       0xae ./Drivers/STM32G4xx_HAL_Driver/Src/stm32g4xx_hal_tim.o
                0x080070c6                HAL_TIM_PWM_Init
 .text.HAL_TIM_PWM_Start
                0x08007174      0x224 ./Drivers/STM32G4xx_HAL_Driver/Src/stm32g4xx_hal_tim.o
                0x08007174                HAL_TIM_PWM_Start
 .text.HAL_TIM_IRQHandler
                0x08007398      0x2fe ./Drivers/STM32G4xx_HAL_Driver/Src/stm32g4xx_hal_tim.o
                0x08007398                HAL_TIM_IRQHandler
 *fill*         0x08007696        0x2 
 .text.HAL_TIM_PWM_ConfigChannel
                0x08007698      0x228 ./Drivers/STM32G4xx_HAL_Driver/Src/stm32g4xx_hal_tim.o
                0x08007698                HAL_TIM_PWM_ConfigChannel
 .text.HAL_TIM_OC_DelayElapsedCallback
                0x080078c0       0x14 ./Drivers/STM32G4xx_HAL_Driver/Src/stm32g4xx_hal_tim.o
                0x080078c0                HAL_TIM_OC_DelayElapsedCallback
 .text.HAL_TIM_IC_CaptureCallback
                0x080078d4       0x14 ./Drivers/STM32G4xx_HAL_Driver/Src/stm32g4xx_hal_tim.o
                0x080078d4                HAL_TIM_IC_CaptureCallback
 .text.HAL_TIM_PWM_PulseFinishedCallback
                0x080078e8       0x14 ./Drivers/STM32G4xx_HAL_Driver/Src/stm32g4xx_hal_tim.o
                0x080078e8                HAL_TIM_PWM_PulseFinishedCallback
 .text.HAL_TIM_TriggerCallback
                0x080078fc       0x14 ./Drivers/STM32G4xx_HAL_Driver/Src/stm32g4xx_hal_tim.o
                0x080078fc                HAL_TIM_TriggerCallback
 .text.TIM_Base_SetConfig
                0x08007910      0x150 ./Drivers/STM32G4xx_HAL_Driver/Src/stm32g4xx_hal_tim.o
                0x08007910                TIM_Base_SetConfig
 .text.TIM_OC1_SetConfig
                0x08007a60      0x134 ./Drivers/STM32G4xx_HAL_Driver/Src/stm32g4xx_hal_tim.o
 .text.TIM_OC2_SetConfig
                0x08007b94      0x128 ./Drivers/STM32G4xx_HAL_Driver/Src/stm32g4xx_hal_tim.o
                0x08007b94                TIM_OC2_SetConfig
 .text.TIM_OC3_SetConfig
                0x08007cbc      0x124 ./Drivers/STM32G4xx_HAL_Driver/Src/stm32g4xx_hal_tim.o
 .text.TIM_OC4_SetConfig
                0x08007de0      0x128 ./Drivers/STM32G4xx_HAL_Driver/Src/stm32g4xx_hal_tim.o
 .text.TIM_OC5_SetConfig
                0x08007f08       0xd4 ./Drivers/STM32G4xx_HAL_Driver/Src/stm32g4xx_hal_tim.o
 .text.TIM_OC6_SetConfig
                0x08007fdc       0xd8 ./Drivers/STM32G4xx_HAL_Driver/Src/stm32g4xx_hal_tim.o
 .text.TIM_CCxChannelCmd
                0x080080b4       0x4a ./Drivers/STM32G4xx_HAL_Driver/Src/stm32g4xx_hal_tim.o
                0x080080b4                TIM_CCxChannelCmd
 *fill*         0x080080fe        0x2 
 .text.HAL_TIMEx_MasterConfigSynchronization
                0x08008100      0x12c ./Drivers/STM32G4xx_HAL_Driver/Src/stm32g4xx_hal_tim_ex.o
                0x08008100                HAL_TIMEx_MasterConfigSynchronization
 .text.HAL_TIMEx_ConfigBreakDeadTime
                0x0800822c      0x164 ./Drivers/STM32G4xx_HAL_Driver/Src/stm32g4xx_hal_tim_ex.o
                0x0800822c                HAL_TIMEx_ConfigBreakDeadTime
 .text.HAL_TIMEx_CommutCallback
                0x08008390       0x14 ./Drivers/STM32G4xx_HAL_Driver/Src/stm32g4xx_hal_tim_ex.o
                0x08008390                HAL_TIMEx_CommutCallback
 .text.HAL_TIMEx_BreakCallback
                0x080083a4       0x14 ./Drivers/STM32G4xx_HAL_Driver/Src/stm32g4xx_hal_tim_ex.o
                0x080083a4                HAL_TIMEx_BreakCallback
 .text.HAL_TIMEx_Break2Callback
                0x080083b8       0x14 ./Drivers/STM32G4xx_HAL_Driver/Src/stm32g4xx_hal_tim_ex.o
                0x080083b8                HAL_TIMEx_Break2Callback
 .text.HAL_TIMEx_EncoderIndexCallback
                0x080083cc       0x14 ./Drivers/STM32G4xx_HAL_Driver/Src/stm32g4xx_hal_tim_ex.o
                0x080083cc                HAL_TIMEx_EncoderIndexCallback
 .text.HAL_TIMEx_DirectionChangeCallback
                0x080083e0       0x14 ./Drivers/STM32G4xx_HAL_Driver/Src/stm32g4xx_hal_tim_ex.o
                0x080083e0                HAL_TIMEx_DirectionChangeCallback
 .text.HAL_TIMEx_IndexErrorCallback
                0x080083f4       0x14 ./Drivers/STM32G4xx_HAL_Driver/Src/stm32g4xx_hal_tim_ex.o
                0x080083f4                HAL_TIMEx_IndexErrorCallback
 .text.HAL_TIMEx_TransitionErrorCallback
                0x08008408       0x14 ./Drivers/STM32G4xx_HAL_Driver/Src/stm32g4xx_hal_tim_ex.o
                0x08008408                HAL_TIMEx_TransitionErrorCallback
 .text.HAL_UART_Init
                0x0800841c       0xa0 ./Drivers/STM32G4xx_HAL_Driver/Src/stm32g4xx_hal_uart.o
                0x0800841c                HAL_UART_Init
 .text.HAL_UART_Transmit
                0x080084bc      0x12c ./Drivers/STM32G4xx_HAL_Driver/Src/stm32g4xx_hal_uart.o
                0x080084bc                HAL_UART_Transmit
 .text.HAL_UART_Receive_DMA
                0x080085e8       0xac ./Drivers/STM32G4xx_HAL_Driver/Src/stm32g4xx_hal_uart.o
                0x080085e8                HAL_UART_Receive_DMA
 .text.HAL_UART_RxHalfCpltCallback
                0x08008694       0x14 ./Drivers/STM32G4xx_HAL_Driver/Src/stm32g4xx_hal_uart.o
                0x08008694                HAL_UART_RxHalfCpltCallback
 .text.HAL_UART_ErrorCallback
                0x080086a8       0x14 ./Drivers/STM32G4xx_HAL_Driver/Src/stm32g4xx_hal_uart.o
                0x080086a8                HAL_UART_ErrorCallback
 .text.HAL_UARTEx_RxEventCallback
                0x080086bc       0x18 ./Drivers/STM32G4xx_HAL_Driver/Src/stm32g4xx_hal_uart.o
                0x080086bc                HAL_UARTEx_RxEventCallback
 .text.UART_SetConfig
                0x080086d4      0x5f8 ./Drivers/STM32G4xx_HAL_Driver/Src/stm32g4xx_hal_uart.o
                0x080086d4                UART_SetConfig
 .text.UART_AdvFeatureConfig
                0x08008ccc      0x144 ./Drivers/STM32G4xx_HAL_Driver/Src/stm32g4xx_hal_uart.o
                0x08008ccc                UART_AdvFeatureConfig
 .text.UART_CheckIdleState
                0x08008e10       0x96 ./Drivers/STM32G4xx_HAL_Driver/Src/stm32g4xx_hal_uart.o
                0x08008e10                UART_CheckIdleState
 .text.UART_WaitOnFlagUntilTimeout
                0x08008ea6      0x190 ./Drivers/STM32G4xx_HAL_Driver/Src/stm32g4xx_hal_uart.o
                0x08008ea6                UART_WaitOnFlagUntilTimeout
 *fill*         0x08009036        0x2 
 .text.UART_Start_Receive_DMA
                0x08009038      0x150 ./Drivers/STM32G4xx_HAL_Driver/Src/stm32g4xx_hal_uart.o
                0x08009038                UART_Start_Receive_DMA
 .text.UART_EndTxTransfer
                0x08009188       0x82 ./Drivers/STM32G4xx_HAL_Driver/Src/stm32g4xx_hal_uart.o
 .text.UART_EndRxTransfer
                0x0800920a       0xcc ./Drivers/STM32G4xx_HAL_Driver/Src/stm32g4xx_hal_uart.o
 .text.UART_DMAReceiveCplt
                0x080092d6      0x126 ./Drivers/STM32G4xx_HAL_Driver/Src/stm32g4xx_hal_uart.o
 .text.UART_DMARxHalfCplt
                0x080093fc       0x38 ./Drivers/STM32G4xx_HAL_Driver/Src/stm32g4xx_hal_uart.o
 .text.UART_DMAError
                0x08009434       0x80 ./Drivers/STM32G4xx_HAL_Driver/Src/stm32g4xx_hal_uart.o
 .text.HAL_UARTEx_DisableFifoMode
                0x080094b4       0x72 ./Drivers/STM32G4xx_HAL_Driver/Src/stm32g4xx_hal_uart_ex.o
                0x080094b4                HAL_UARTEx_DisableFifoMode
 .text.HAL_UARTEx_SetTxFifoThreshold
                0x08009526       0x7c ./Drivers/STM32G4xx_HAL_Driver/Src/stm32g4xx_hal_uart_ex.o
                0x08009526                HAL_UARTEx_SetTxFifoThreshold
 .text.HAL_UARTEx_SetRxFifoThreshold
                0x080095a2       0x7c ./Drivers/STM32G4xx_HAL_Driver/Src/stm32g4xx_hal_uart_ex.o
                0x080095a2                HAL_UARTEx_SetRxFifoThreshold
 *fill*         0x0800961e        0x2 
 .text.UARTEx_SetNbDataToProcess
                0x08009620       0x9c ./Drivers/STM32G4xx_HAL_Driver/Src/stm32g4xx_hal_uart_ex.o
 .text.SPI_QCA7000_Read_Signature
                0x080096bc       0x94 ./Libraries/QCA7000.o
                0x080096bc                SPI_QCA7000_Read_Signature
 .text.SPI_QCA7000_Read_WRBUF_SPC_AVA
                0x08009750       0x7c ./Libraries/QCA7000.o
                0x08009750                SPI_QCA7000_Read_WRBUF_SPC_AVA
 .text.SPI_QCA7000_Read_RDBUF_SPC_AVA
                0x080097cc       0x7c ./Libraries/QCA7000.o
                0x080097cc                SPI_QCA7000_Read_RDBUF_SPC_AVA
 .text.SPI_QCA7000_Write_BFR_SIZE
                0x08009848       0x6c ./Libraries/QCA7000.o
                0x08009848                SPI_QCA7000_Write_BFR_SIZE
 .text.SPI_QCA7000_Disable_REG_INTR_DISABLE
                0x080098b4       0x60 ./Libraries/QCA7000.o
                0x080098b4                SPI_QCA7000_Disable_REG_INTR_DISABLE
 .text.SPI_QCA7000_Enable_REG_INTR_ENABLE
                0x08009914       0x60 ./Libraries/QCA7000.o
                0x08009914                SPI_QCA7000_Enable_REG_INTR_ENABLE
 .text.SPI_QCA7000_Read_REG_INTR_CAUSE
                0x08009974      0x10c ./Libraries/QCA7000.o
                0x08009974                SPI_QCA7000_Read_REG_INTR_CAUSE
 .text.SPI_QCA7000_Confirm_REG_INTR_CAUSE
                0x08009a80       0x6c ./Libraries/QCA7000.o
                0x08009a80                SPI_QCA7000_Confirm_REG_INTR_CAUSE
 .text.SPI_QCA7000_Write_Config
                0x08009aec       0x74 ./Libraries/QCA7000.o
                0x08009aec                SPI_QCA7000_Write_Config
 .text.SPI_QCA7000_Init_Setup
                0x08009b60       0x30 ./Libraries/QCA7000.o
                0x08009b60                SPI_QCA7000_Init_Setup
 .text.SPI_QCA7000_Check_Rx_Data
                0x08009b90      0x198 ./Libraries/QCA7000.o
                0x08009b90                SPI_QCA7000_Check_Rx_Data
 .text.SPI_QCA7000_Send_Eth_Frame
                0x08009d28       0xac ./Libraries/QCA7000.o
                0x08009d28                SPI_QCA7000_Send_Eth_Frame
 .text.SPI_QCA7000_Read_Eth_Frame
                0x08009dd4       0xb4 ./Libraries/QCA7000.o
                0x08009dd4                SPI_QCA7000_Read_Eth_Frame
 .text.SPI_QCA7000_Handling_Intr
                0x08009e88       0x26 ./Libraries/QCA7000.o
                0x08009e88                SPI_QCA7000_Handling_Intr
 *fill*         0x08009eae        0x2 
 .text.HMI_Compose_Pre_Charge_Parm
                0x08009eb0      0x15c ./Libraries/hmi.o
                0x08009eb0                HMI_Compose_Pre_Charge_Parm
 .text.HMI_Compose_Realtime_Data
                0x0800a00c      0x1f4 ./Libraries/hmi.o
                0x0800a00c                HMI_Compose_Realtime_Data
 .text.HMI_Compose_Status
                0x0800a200       0xe0 ./Libraries/hmi.o
                0x0800a200                HMI_Compose_Status
 .text.HMI_Evaluate_Setting_Data
                0x0800a2e0      0x144 ./Libraries/hmi.o
                0x0800a2e0                HMI_Evaluate_Setting_Data
 .text.HPGP_Fill_Address
                0x0800a424       0x28 ./Libraries/homeplug.o
                0x0800a424                HPGP_Fill_Address
 .text.HPGP_Get_MTYPE
                0x0800a44c       0x2e ./Libraries/homeplug.o
                0x0800a44c                HPGP_Get_MTYPE
 *fill*         0x0800a47a        0x2 
 .text.HPGP_Clean_Tx_Buffer
                0x0800a47c       0x34 ./Libraries/homeplug.o
                0x0800a47c                HPGP_Clean_Tx_Buffer
 .text.PEF_Get_Data
                0x0800a4b0       0x2c ./Libraries/sequence_function.o
                0x0800a4b0                PEF_Get_Data
 .text.PEF_Compose_Initialization_Cnf
                0x0800a4dc       0x80 ./Libraries/sequence_function.o
                0x0800a4dc                PEF_Compose_Initialization_Cnf
 .text.PEF_Evaluate_Initialization
                0x0800a55c       0x24 ./Libraries/sequence_function.o
                0x0800a55c                PEF_Evaluate_Initialization
 .text.PEF_Compose_Parameter_Exchange_Req
                0x0800a580      0x12c ./Libraries/sequence_function.o
                0x0800a580                PEF_Compose_Parameter_Exchange_Req
 .text.PEF_Compose_Parameter_Exchange_Res
                0x0800a6ac       0xe4 ./Libraries/sequence_function.o
                0x0800a6ac                PEF_Compose_Parameter_Exchange_Res
 .text.PEF_Compose_Parameter_Exchange_Cnf
                0x0800a790       0x80 ./Libraries/sequence_function.o
                0x0800a790                PEF_Compose_Parameter_Exchange_Cnf
 .text.PEF_Evaluate_Parameter_Exchange_Req
                0x0800a810       0x84 ./Libraries/sequence_function.o
                0x0800a810                PEF_Evaluate_Parameter_Exchange_Req
 .text.PEF_Evaluate_Parameter_Exchange_Res
                0x0800a894       0x54 ./Libraries/sequence_function.o
                0x0800a894                PEF_Evaluate_Parameter_Exchange_Res
 .text.PEF_Compose_Connector_Lock_Cnf
                0x0800a8e8       0x80 ./Libraries/sequence_function.o
                0x0800a8e8                PEF_Compose_Connector_Lock_Cnf
 .text.PEF_Compose_Contactor_Close_Req
                0x0800a968       0x80 ./Libraries/sequence_function.o
                0x0800a968                PEF_Compose_Contactor_Close_Req
 .text.PEF_Compose_Contactor_Close_Cnf
                0x0800a9e8       0x80 ./Libraries/sequence_function.o
                0x0800a9e8                PEF_Compose_Contactor_Close_Cnf
 .text.PEF_Compose_Charging_Current_Demand_Res
                0x0800aa68      0x134 ./Libraries/sequence_function.o
                0x0800aa68                PEF_Compose_Charging_Current_Demand_Res
 .text.PEF_Evaluate_Charging_Current_Demand_Req
                0x0800ab9c       0x48 ./Libraries/sequence_function.o
                0x0800ab9c                PEF_Evaluate_Charging_Current_Demand_Req
 .text.PEF_Evaluate_Charging_Current_Demand_Res
                0x0800abe4       0x78 ./Libraries/sequence_function.o
                0x0800abe4                PEF_Evaluate_Charging_Current_Demand_Res
 .text.PEF_Compose_Current_Suppression_Res
                0x0800ac5c      0x100 ./Libraries/sequence_function.o
                0x0800ac5c                PEF_Compose_Current_Suppression_Res
 .text.PEF_Compose_Current_Suppression_Cnf
                0x0800ad5c       0x80 ./Libraries/sequence_function.o
                0x0800ad5c                PEF_Compose_Current_Suppression_Cnf
 .text.PEF_Evaluate_Current_Suppression_Res
                0x0800addc       0x54 ./Libraries/sequence_function.o
                0x0800addc                PEF_Evaluate_Current_Suppression_Res
 .text.PEF_Compose_Zero_Current_Confirm_Req
                0x0800ae30       0x80 ./Libraries/sequence_function.o
                0x0800ae30                PEF_Compose_Zero_Current_Confirm_Req
 .text.PEF_Compose_Zero_Current_Confirm_Cnf
                0x0800aeb0       0x80 ./Libraries/sequence_function.o
                0x0800aeb0                PEF_Compose_Zero_Current_Confirm_Cnf
 .text.PEF_Compose_Voltage_Verification_Req
                0x0800af30       0xac ./Libraries/sequence_function.o
                0x0800af30                PEF_Compose_Voltage_Verification_Req
 .text.PEF_Compose_Voltage_Verification_Cnf
                0x0800afdc       0x80 ./Libraries/sequence_function.o
                0x0800afdc                PEF_Compose_Voltage_Verification_Cnf
 .text.PEF_Compose_Connector_Unlock_Req
                0x0800b05c       0x80 ./Libraries/sequence_function.o
                0x0800b05c                PEF_Compose_Connector_Unlock_Req
 .text.PEF_Compose_Connector_Unlock_Cnf
                0x0800b0dc       0x80 ./Libraries/sequence_function.o
                0x0800b0dc                PEF_Compose_Connector_Unlock_Cnf
 .text.PEF_Compose_End_of_Charge_Req
                0x0800b15c       0x80 ./Libraries/sequence_function.o
                0x0800b15c                PEF_Compose_End_of_Charge_Req
 .text.PEF_Compose_End_of_Charge_Cnf
                0x0800b1dc       0x80 ./Libraries/sequence_function.o
                0x0800b1dc                PEF_Compose_End_of_Charge_Cnf
 .text.PEF_Get_Sequence_State
                0x0800b25c       0x28 ./Libraries/sequence_function.o
                0x0800b25c                PEF_Get_Sequence_State
 .text.PEF_Reset_RXBUFFER
                0x0800b284       0x20 ./Libraries/sequence_function.o
                0x0800b284                PEF_Reset_RXBUFFER
 .text.PEF_Handle_Initialization_Req
                0x0800b2a4       0x28 ./Libraries/sequence_function.o
                0x0800b2a4                PEF_Handle_Initialization_Req
 .text.PEF_Handle_Initialization_Cnf
                0x0800b2cc       0x28 ./Libraries/sequence_function.o
                0x0800b2cc                PEF_Handle_Initialization_Cnf
 .text.PEF_Handle_Parameter_Exchange_Req
                0x0800b2f4       0x28 ./Libraries/sequence_function.o
                0x0800b2f4                PEF_Handle_Parameter_Exchange_Req
 .text.PEF_Handle_Parameter_Exchange_Res
                0x0800b31c       0x28 ./Libraries/sequence_function.o
                0x0800b31c                PEF_Handle_Parameter_Exchange_Res
 .text.PEF_Handle_Parameter_Exchange_Cnf
                0x0800b344       0x1c ./Libraries/sequence_function.o
                0x0800b344                PEF_Handle_Parameter_Exchange_Cnf
 .text.PEF_Handle_Connector_Lock_Req
                0x0800b360       0x24 ./Libraries/sequence_function.o
                0x0800b360                PEF_Handle_Connector_Lock_Req
 .text.PEF_Handle_Connector_Lock_Cnf
                0x0800b384       0x1c ./Libraries/sequence_function.o
                0x0800b384                PEF_Handle_Connector_Lock_Cnf
 .text.PEF_Handle_Contactor_Close_Req
                0x0800b3a0       0x24 ./Libraries/sequence_function.o
                0x0800b3a0                PEF_Handle_Contactor_Close_Req
 .text.PEF_Handle_Contactor_Close_Cnf
                0x0800b3c4       0x1c ./Libraries/sequence_function.o
                0x0800b3c4                PEF_Handle_Contactor_Close_Cnf
 .text.PEF_Handle_Charging_Current_Demand_Req
                0x0800b3e0       0x50 ./Libraries/sequence_function.o
                0x0800b3e0                PEF_Handle_Charging_Current_Demand_Req
 .text.PEF_Handle_Charging_Current_Demand_Res
                0x0800b430       0x20 ./Libraries/sequence_function.o
                0x0800b430                PEF_Handle_Charging_Current_Demand_Res
 .text.PEF_Handle_Current_Suppression_Req
                0x0800b450       0x3c ./Libraries/sequence_function.o
                0x0800b450                PEF_Handle_Current_Suppression_Req
 .text.PEF_Handle_Current_Suppression_Res
                0x0800b48c       0x28 ./Libraries/sequence_function.o
                0x0800b48c                PEF_Handle_Current_Suppression_Res
 .text.PEF_Handle_Current_Suppression_Cnf
                0x0800b4b4       0x24 ./Libraries/sequence_function.o
                0x0800b4b4                PEF_Handle_Current_Suppression_Cnf
 .text.PEF_Handle_Zero_CURRENT_CONFIRM_Req
                0x0800b4d8       0x24 ./Libraries/sequence_function.o
                0x0800b4d8                PEF_Handle_Zero_CURRENT_CONFIRM_Req
 .text.PEF_Handle_Zero_CURRENT_CONFIRM_Cnf
                0x0800b4fc       0x34 ./Libraries/sequence_function.o
                0x0800b4fc                PEF_Handle_Zero_CURRENT_CONFIRM_Cnf
 .text.PEF_Handle_Voltage_Verification_Req
                0x0800b530       0x24 ./Libraries/sequence_function.o
                0x0800b530                PEF_Handle_Voltage_Verification_Req
 .text.PEF_Handle_Voltage_Verification_Cnf
                0x0800b554       0x24 ./Libraries/sequence_function.o
                0x0800b554                PEF_Handle_Voltage_Verification_Cnf
 .text.PEF_Handle_Connector_Unlock_Req
                0x0800b578       0x24 ./Libraries/sequence_function.o
                0x0800b578                PEF_Handle_Connector_Unlock_Req
 .text.PEF_Handle_Connector_Unlock_Cnf
                0x0800b59c       0x24 ./Libraries/sequence_function.o
                0x0800b59c                PEF_Handle_Connector_Unlock_Cnf
 .text.PEF_Handle_End_of_Charge_Req
                0x0800b5c0       0x24 ./Libraries/sequence_function.o
                0x0800b5c0                PEF_Handle_End_of_Charge_Req
 .text.PEF_Handle_End_of_Charge_Cnf
                0x0800b5e4       0x1c ./Libraries/sequence_function.o
                0x0800b5e4                PEF_Handle_End_of_Charge_Cnf
 .text.PEF_Evaluate_Exchange_Data
                0x0800b600      0x190 ./Libraries/sequence_function.o
                0x0800b600                PEF_Evaluate_Exchange_Data
 .text.rand     0x0800b790       0x7c D:/Software/STM32cudeIDE/STM32CubeIDE_1.15.1/STM32CubeIDE/plugins/com.st.stm32cube.ide.mcu.externaltools.gnu-tools-for-stm32.12.3.rel1.win32_1.0.100.202403111256/tools/bin/../lib/gcc/arm-none-eabi/12.3.1/../../../../arm-none-eabi/lib/thumb/v7e-m+fp/hard\libc_nano.a(libc_a-rand.o)
                0x0800b790                rand
 .text.std      0x0800b80c       0x6c D:/Software/STM32cudeIDE/STM32CubeIDE_1.15.1/STM32CubeIDE/plugins/com.st.stm32cube.ide.mcu.externaltools.gnu-tools-for-stm32.12.3.rel1.win32_1.0.100.202403111256/tools/bin/../lib/gcc/arm-none-eabi/12.3.1/../../../../arm-none-eabi/lib/thumb/v7e-m+fp/hard\libc_nano.a(libc_a-findfp.o)
 .text.stdio_exit_handler
                0x0800b878       0x18 D:/Software/STM32cudeIDE/STM32CubeIDE_1.15.1/STM32CubeIDE/plugins/com.st.stm32cube.ide.mcu.externaltools.gnu-tools-for-stm32.12.3.rel1.win32_1.0.100.202403111256/tools/bin/../lib/gcc/arm-none-eabi/12.3.1/../../../../arm-none-eabi/lib/thumb/v7e-m+fp/hard\libc_nano.a(libc_a-findfp.o)
 .text.cleanup_stdio
                0x0800b890       0x40 D:/Software/STM32cudeIDE/STM32CubeIDE_1.15.1/STM32CubeIDE/plugins/com.st.stm32cube.ide.mcu.externaltools.gnu-tools-for-stm32.12.3.rel1.win32_1.0.100.202403111256/tools/bin/../lib/gcc/arm-none-eabi/12.3.1/../../../../arm-none-eabi/lib/thumb/v7e-m+fp/hard\libc_nano.a(libc_a-findfp.o)
 .text.global_stdio_init.part.0
                0x0800b8d0       0x3c D:/Software/STM32cudeIDE/STM32CubeIDE_1.15.1/STM32CubeIDE/plugins/com.st.stm32cube.ide.mcu.externaltools.gnu-tools-for-stm32.12.3.rel1.win32_1.0.100.202403111256/tools/bin/../lib/gcc/arm-none-eabi/12.3.1/../../../../arm-none-eabi/lib/thumb/v7e-m+fp/hard\libc_nano.a(libc_a-findfp.o)
 .text.__sfp_lock_acquire
                0x0800b90c        0xc D:/Software/STM32cudeIDE/STM32CubeIDE_1.15.1/STM32CubeIDE/plugins/com.st.stm32cube.ide.mcu.externaltools.gnu-tools-for-stm32.12.3.rel1.win32_1.0.100.202403111256/tools/bin/../lib/gcc/arm-none-eabi/12.3.1/../../../../arm-none-eabi/lib/thumb/v7e-m+fp/hard\libc_nano.a(libc_a-findfp.o)
                0x0800b90c                __sfp_lock_acquire
 .text.__sfp_lock_release
                0x0800b918        0xc D:/Software/STM32cudeIDE/STM32CubeIDE_1.15.1/STM32CubeIDE/plugins/com.st.stm32cube.ide.mcu.externaltools.gnu-tools-for-stm32.12.3.rel1.win32_1.0.100.202403111256/tools/bin/../lib/gcc/arm-none-eabi/12.3.1/../../../../arm-none-eabi/lib/thumb/v7e-m+fp/hard\libc_nano.a(libc_a-findfp.o)
                0x0800b918                __sfp_lock_release
 .text.__sinit  0x0800b924       0x30 D:/Software/STM32cudeIDE/STM32CubeIDE_1.15.1/STM32CubeIDE/plugins/com.st.stm32cube.ide.mcu.externaltools.gnu-tools-for-stm32.12.3.rel1.win32_1.0.100.202403111256/tools/bin/../lib/gcc/arm-none-eabi/12.3.1/../../../../arm-none-eabi/lib/thumb/v7e-m+fp/hard\libc_nano.a(libc_a-findfp.o)
                0x0800b924                __sinit
 .text._fwalk_sglue
                0x0800b954       0x3c D:/Software/STM32cudeIDE/STM32CubeIDE_1.15.1/STM32CubeIDE/plugins/com.st.stm32cube.ide.mcu.externaltools.gnu-tools-for-stm32.12.3.rel1.win32_1.0.100.202403111256/tools/bin/../lib/gcc/arm-none-eabi/12.3.1/../../../../arm-none-eabi/lib/thumb/v7e-m+fp/hard\libc_nano.a(libc_a-fwalk.o)
                0x0800b954                _fwalk_sglue
 .text.printf   0x0800b990       0x24 D:/Software/STM32cudeIDE/STM32CubeIDE_1.15.1/STM32CubeIDE/plugins/com.st.stm32cube.ide.mcu.externaltools.gnu-tools-for-stm32.12.3.rel1.win32_1.0.100.202403111256/tools/bin/../lib/gcc/arm-none-eabi/12.3.1/../../../../arm-none-eabi/lib/thumb/v7e-m+fp/hard\libc_nano.a(libc_a-printf.o)
                0x0800b990                iprintf
                0x0800b990                printf
 .text.putchar  0x0800b9b4       0x10 D:/Software/STM32cudeIDE/STM32CubeIDE_1.15.1/STM32CubeIDE/plugins/com.st.stm32cube.ide.mcu.externaltools.gnu-tools-for-stm32.12.3.rel1.win32_1.0.100.202403111256/tools/bin/../lib/gcc/arm-none-eabi/12.3.1/../../../../arm-none-eabi/lib/thumb/v7e-m+fp/hard\libc_nano.a(libc_a-putchar.o)
                0x0800b9b4                putchar
 .text.sprintf  0x0800b9c4       0x40 D:/Software/STM32cudeIDE/STM32CubeIDE_1.15.1/STM32CubeIDE/plugins/com.st.stm32cube.ide.mcu.externaltools.gnu-tools-for-stm32.12.3.rel1.win32_1.0.100.202403111256/tools/bin/../lib/gcc/arm-none-eabi/12.3.1/../../../../arm-none-eabi/lib/thumb/v7e-m+fp/hard\libc_nano.a(libc_a-sprintf.o)
                0x0800b9c4                siprintf
                0x0800b9c4                sprintf
 .text.__sread  0x0800ba04       0x22 D:/Software/STM32cudeIDE/STM32CubeIDE_1.15.1/STM32CubeIDE/plugins/com.st.stm32cube.ide.mcu.externaltools.gnu-tools-for-stm32.12.3.rel1.win32_1.0.100.202403111256/tools/bin/../lib/gcc/arm-none-eabi/12.3.1/../../../../arm-none-eabi/lib/thumb/v7e-m+fp/hard\libc_nano.a(libc_a-stdio.o)
                0x0800ba04                __sread
 .text.__swrite
                0x0800ba26       0x38 D:/Software/STM32cudeIDE/STM32CubeIDE_1.15.1/STM32CubeIDE/plugins/com.st.stm32cube.ide.mcu.externaltools.gnu-tools-for-stm32.12.3.rel1.win32_1.0.100.202403111256/tools/bin/../lib/gcc/arm-none-eabi/12.3.1/../../../../arm-none-eabi/lib/thumb/v7e-m+fp/hard\libc_nano.a(libc_a-stdio.o)
                0x0800ba26                __swrite
 .text.__sseek  0x0800ba5e       0x24 D:/Software/STM32cudeIDE/STM32CubeIDE_1.15.1/STM32CubeIDE/plugins/com.st.stm32cube.ide.mcu.externaltools.gnu-tools-for-stm32.12.3.rel1.win32_1.0.100.202403111256/tools/bin/../lib/gcc/arm-none-eabi/12.3.1/../../../../arm-none-eabi/lib/thumb/v7e-m+fp/hard\libc_nano.a(libc_a-stdio.o)
                0x0800ba5e                __sseek
 .text.__sclose
                0x0800ba82        0x8 D:/Software/STM32cudeIDE/STM32CubeIDE_1.15.1/STM32CubeIDE/plugins/com.st.stm32cube.ide.mcu.externaltools.gnu-tools-for-stm32.12.3.rel1.win32_1.0.100.202403111256/tools/bin/../lib/gcc/arm-none-eabi/12.3.1/../../../../arm-none-eabi/lib/thumb/v7e-m+fp/hard\libc_nano.a(libc_a-stdio.o)
                0x0800ba82                __sclose
 .text.memset   0x0800ba8a       0x10 D:/Software/STM32cudeIDE/STM32CubeIDE_1.15.1/STM32CubeIDE/plugins/com.st.stm32cube.ide.mcu.externaltools.gnu-tools-for-stm32.12.3.rel1.win32_1.0.100.202403111256/tools/bin/../lib/gcc/arm-none-eabi/12.3.1/../../../../arm-none-eabi/lib/thumb/v7e-m+fp/hard\libc_nano.a(libc_a-memset.o)
                0x0800ba8a                memset
 *fill*         0x0800ba9a        0x2 
 .text._close_r
                0x0800ba9c       0x20 D:/Software/STM32cudeIDE/STM32CubeIDE_1.15.1/STM32CubeIDE/plugins/com.st.stm32cube.ide.mcu.externaltools.gnu-tools-for-stm32.12.3.rel1.win32_1.0.100.202403111256/tools/bin/../lib/gcc/arm-none-eabi/12.3.1/../../../../arm-none-eabi/lib/thumb/v7e-m+fp/hard\libc_nano.a(libc_a-closer.o)
                0x0800ba9c                _close_r
 .text._lseek_r
                0x0800babc       0x24 D:/Software/STM32cudeIDE/STM32CubeIDE_1.15.1/STM32CubeIDE/plugins/com.st.stm32cube.ide.mcu.externaltools.gnu-tools-for-stm32.12.3.rel1.win32_1.0.100.202403111256/tools/bin/../lib/gcc/arm-none-eabi/12.3.1/../../../../arm-none-eabi/lib/thumb/v7e-m+fp/hard\libc_nano.a(libc_a-lseekr.o)
                0x0800babc                _lseek_r
 .text._read_r  0x0800bae0       0x24 D:/Software/STM32cudeIDE/STM32CubeIDE_1.15.1/STM32CubeIDE/plugins/com.st.stm32cube.ide.mcu.externaltools.gnu-tools-for-stm32.12.3.rel1.win32_1.0.100.202403111256/tools/bin/../lib/gcc/arm-none-eabi/12.3.1/../../../../arm-none-eabi/lib/thumb/v7e-m+fp/hard\libc_nano.a(libc_a-readr.o)
                0x0800bae0                _read_r
 .text._write_r
                0x0800bb04       0x24 D:/Software/STM32cudeIDE/STM32CubeIDE_1.15.1/STM32CubeIDE/plugins/com.st.stm32cube.ide.mcu.externaltools.gnu-tools-for-stm32.12.3.rel1.win32_1.0.100.202403111256/tools/bin/../lib/gcc/arm-none-eabi/12.3.1/../../../../arm-none-eabi/lib/thumb/v7e-m+fp/hard\libc_nano.a(libc_a-writer.o)
                0x0800bb04                _write_r
 .text.__errno  0x0800bb28        0xc D:/Software/STM32cudeIDE/STM32CubeIDE_1.15.1/STM32CubeIDE/plugins/com.st.stm32cube.ide.mcu.externaltools.gnu-tools-for-stm32.12.3.rel1.win32_1.0.100.202403111256/tools/bin/../lib/gcc/arm-none-eabi/12.3.1/../../../../arm-none-eabi/lib/thumb/v7e-m+fp/hard\libc_nano.a(libc_a-errno.o)
                0x0800bb28                __errno
 .text.__libc_init_array
                0x0800bb34       0x48 D:/Software/STM32cudeIDE/STM32CubeIDE_1.15.1/STM32CubeIDE/plugins/com.st.stm32cube.ide.mcu.externaltools.gnu-tools-for-stm32.12.3.rel1.win32_1.0.100.202403111256/tools/bin/../lib/gcc/arm-none-eabi/12.3.1/../../../../arm-none-eabi/lib/thumb/v7e-m+fp/hard\libc_nano.a(libc_a-init.o)
                0x0800bb34                __libc_init_array
 .text.__retarget_lock_init_recursive
                0x0800bb7c        0x2 D:/Software/STM32cudeIDE/STM32CubeIDE_1.15.1/STM32CubeIDE/plugins/com.st.stm32cube.ide.mcu.externaltools.gnu-tools-for-stm32.12.3.rel1.win32_1.0.100.202403111256/tools/bin/../lib/gcc/arm-none-eabi/12.3.1/../../../../arm-none-eabi/lib/thumb/v7e-m+fp/hard\libc_nano.a(libc_a-lock.o)
                0x0800bb7c                __retarget_lock_init_recursive
 .text.__retarget_lock_acquire_recursive
                0x0800bb7e        0x2 D:/Software/STM32cudeIDE/STM32CubeIDE_1.15.1/STM32CubeIDE/plugins/com.st.stm32cube.ide.mcu.externaltools.gnu-tools-for-stm32.12.3.rel1.win32_1.0.100.202403111256/tools/bin/../lib/gcc/arm-none-eabi/12.3.1/../../../../arm-none-eabi/lib/thumb/v7e-m+fp/hard\libc_nano.a(libc_a-lock.o)
                0x0800bb7e                __retarget_lock_acquire_recursive
 .text.__retarget_lock_release_recursive
                0x0800bb80        0x2 D:/Software/STM32cudeIDE/STM32CubeIDE_1.15.1/STM32CubeIDE/plugins/com.st.stm32cube.ide.mcu.externaltools.gnu-tools-for-stm32.12.3.rel1.win32_1.0.100.202403111256/tools/bin/../lib/gcc/arm-none-eabi/12.3.1/../../../../arm-none-eabi/lib/thumb/v7e-m+fp/hard\libc_nano.a(libc_a-lock.o)
                0x0800bb80                __retarget_lock_release_recursive
 .text.memcpy   0x0800bb82       0x1c D:/Software/STM32cudeIDE/STM32CubeIDE_1.15.1/STM32CubeIDE/plugins/com.st.stm32cube.ide.mcu.externaltools.gnu-tools-for-stm32.12.3.rel1.win32_1.0.100.202403111256/tools/bin/../lib/gcc/arm-none-eabi/12.3.1/../../../../arm-none-eabi/lib/thumb/v7e-m+fp/hard\libc_nano.a(libc_a-memcpy-stub.o)
                0x0800bb82                memcpy
 *fill*         0x0800bb9e        0x2 
 .text.__assert_func
                0x0800bba0       0x3c D:/Software/STM32cudeIDE/STM32CubeIDE_1.15.1/STM32CubeIDE/plugins/com.st.stm32cube.ide.mcu.externaltools.gnu-tools-for-stm32.12.3.rel1.win32_1.0.100.202403111256/tools/bin/../lib/gcc/arm-none-eabi/12.3.1/../../../../arm-none-eabi/lib/thumb/v7e-m+fp/hard\libc_nano.a(libc_a-assert.o)
                0x0800bba0                __assert_func
 .text._free_r  0x0800bbdc       0x94 D:/Software/STM32cudeIDE/STM32CubeIDE_1.15.1/STM32CubeIDE/plugins/com.st.stm32cube.ide.mcu.externaltools.gnu-tools-for-stm32.12.3.rel1.win32_1.0.100.202403111256/tools/bin/../lib/gcc/arm-none-eabi/12.3.1/../../../../arm-none-eabi/lib/thumb/v7e-m+fp/hard\libc_nano.a(libc_a-freer.o)
                0x0800bbdc                _free_r
 .text.malloc   0x0800bc70       0x10 D:/Software/STM32cudeIDE/STM32CubeIDE_1.15.1/STM32CubeIDE/plugins/com.st.stm32cube.ide.mcu.externaltools.gnu-tools-for-stm32.12.3.rel1.win32_1.0.100.202403111256/tools/bin/../lib/gcc/arm-none-eabi/12.3.1/../../../../arm-none-eabi/lib/thumb/v7e-m+fp/hard\libc_nano.a(libc_a-malloc.o)
                0x0800bc70                malloc
 .text.sbrk_aligned
                0x0800bc80       0x44 D:/Software/STM32cudeIDE/STM32CubeIDE_1.15.1/STM32CubeIDE/plugins/com.st.stm32cube.ide.mcu.externaltools.gnu-tools-for-stm32.12.3.rel1.win32_1.0.100.202403111256/tools/bin/../lib/gcc/arm-none-eabi/12.3.1/../../../../arm-none-eabi/lib/thumb/v7e-m+fp/hard\libc_nano.a(libc_a-mallocr.o)
 .text._malloc_r
                0x0800bcc4      0x100 D:/Software/STM32cudeIDE/STM32CubeIDE_1.15.1/STM32CubeIDE/plugins/com.st.stm32cube.ide.mcu.externaltools.gnu-tools-for-stm32.12.3.rel1.win32_1.0.100.202403111256/tools/bin/../lib/gcc/arm-none-eabi/12.3.1/../../../../arm-none-eabi/lib/thumb/v7e-m+fp/hard\libc_nano.a(libc_a-mallocr.o)
                0x0800bcc4                _malloc_r
 .text.__malloc_lock
                0x0800bdc4        0xc D:/Software/STM32cudeIDE/STM32CubeIDE_1.15.1/STM32CubeIDE/plugins/com.st.stm32cube.ide.mcu.externaltools.gnu-tools-for-stm32.12.3.rel1.win32_1.0.100.202403111256/tools/bin/../lib/gcc/arm-none-eabi/12.3.1/../../../../arm-none-eabi/lib/thumb/v7e-m+fp/hard\libc_nano.a(libc_a-mlock.o)
                0x0800bdc4                __malloc_lock
 .text.__malloc_unlock
                0x0800bdd0        0xc D:/Software/STM32cudeIDE/STM32CubeIDE_1.15.1/STM32CubeIDE/plugins/com.st.stm32cube.ide.mcu.externaltools.gnu-tools-for-stm32.12.3.rel1.win32_1.0.100.202403111256/tools/bin/../lib/gcc/arm-none-eabi/12.3.1/../../../../arm-none-eabi/lib/thumb/v7e-m+fp/hard\libc_nano.a(libc_a-mlock.o)
                0x0800bdd0                __malloc_unlock
 .text.__ssputs_r
                0x0800bddc       0xb6 D:/Software/STM32cudeIDE/STM32CubeIDE_1.15.1/STM32CubeIDE/plugins/com.st.stm32cube.ide.mcu.externaltools.gnu-tools-for-stm32.12.3.rel1.win32_1.0.100.202403111256/tools/bin/../lib/gcc/arm-none-eabi/12.3.1/../../../../arm-none-eabi/lib/thumb/v7e-m+fp/hard\libc_nano.a(libc_a-nano-svfprintf.o)
                0x0800bddc                __ssputs_r
 *fill*         0x0800be92        0x2 
 .text._svfprintf_r
                0x0800be94      0x1f8 D:/Software/STM32cudeIDE/STM32CubeIDE_1.15.1/STM32CubeIDE/plugins/com.st.stm32cube.ide.mcu.externaltools.gnu-tools-for-stm32.12.3.rel1.win32_1.0.100.202403111256/tools/bin/../lib/gcc/arm-none-eabi/12.3.1/../../../../arm-none-eabi/lib/thumb/v7e-m+fp/hard\libc_nano.a(libc_a-nano-svfprintf.o)
                0x0800be94                _svfiprintf_r
                0x0800be94                _svfprintf_r
 .text.__sfputc_r
                0x0800c08c       0x2e D:/Software/STM32cudeIDE/STM32CubeIDE_1.15.1/STM32CubeIDE/plugins/com.st.stm32cube.ide.mcu.externaltools.gnu-tools-for-stm32.12.3.rel1.win32_1.0.100.202403111256/tools/bin/../lib/gcc/arm-none-eabi/12.3.1/../../../../arm-none-eabi/lib/thumb/v7e-m+fp/hard\libc_nano.a(libc_a-nano-vfprintf.o)
 .text.__sfputs_r
                0x0800c0ba       0x24 D:/Software/STM32cudeIDE/STM32CubeIDE_1.15.1/STM32CubeIDE/plugins/com.st.stm32cube.ide.mcu.externaltools.gnu-tools-for-stm32.12.3.rel1.win32_1.0.100.202403111256/tools/bin/../lib/gcc/arm-none-eabi/12.3.1/../../../../arm-none-eabi/lib/thumb/v7e-m+fp/hard\libc_nano.a(libc_a-nano-vfprintf.o)
                0x0800c0ba                __sfputs_r
 *fill*         0x0800c0de        0x2 
 .text._vfprintf_r
                0x0800c0e0      0x230 D:/Software/STM32cudeIDE/STM32CubeIDE_1.15.1/STM32CubeIDE/plugins/com.st.stm32cube.ide.mcu.externaltools.gnu-tools-for-stm32.12.3.rel1.win32_1.0.100.202403111256/tools/bin/../lib/gcc/arm-none-eabi/12.3.1/../../../../arm-none-eabi/lib/thumb/v7e-m+fp/hard\libc_nano.a(libc_a-nano-vfprintf.o)
                0x0800c0e0                _vfprintf_r
                0x0800c0e0                _vfiprintf_r
 .text._printf_common
                0x0800c310       0xda D:/Software/STM32cudeIDE/STM32CubeIDE_1.15.1/STM32CubeIDE/plugins/com.st.stm32cube.ide.mcu.externaltools.gnu-tools-for-stm32.12.3.rel1.win32_1.0.100.202403111256/tools/bin/../lib/gcc/arm-none-eabi/12.3.1/../../../../arm-none-eabi/lib/thumb/v7e-m+fp/hard\libc_nano.a(libc_a-nano-vfprintf_i.o)
                0x0800c310                _printf_common
 *fill*         0x0800c3ea        0x2 
 .text._printf_i
                0x0800c3ec      0x240 D:/Software/STM32cudeIDE/STM32CubeIDE_1.15.1/STM32CubeIDE/plugins/com.st.stm32cube.ide.mcu.externaltools.gnu-tools-for-stm32.12.3.rel1.win32_1.0.100.202403111256/tools/bin/../lib/gcc/arm-none-eabi/12.3.1/../../../../arm-none-eabi/lib/thumb/v7e-m+fp/hard\libc_nano.a(libc_a-nano-vfprintf_i.o)
                0x0800c3ec                _printf_i
 .text.__sflush_r
                0x0800c62c      0x108 D:/Software/STM32cudeIDE/STM32CubeIDE_1.15.1/STM32CubeIDE/plugins/com.st.stm32cube.ide.mcu.externaltools.gnu-tools-for-stm32.12.3.rel1.win32_1.0.100.202403111256/tools/bin/../lib/gcc/arm-none-eabi/12.3.1/../../../../arm-none-eabi/lib/thumb/v7e-m+fp/hard\libc_nano.a(libc_a-fflush.o)
                0x0800c62c                __sflush_r
 .text._fflush_r
                0x0800c734       0x50 D:/Software/STM32cudeIDE/STM32CubeIDE_1.15.1/STM32CubeIDE/plugins/com.st.stm32cube.ide.mcu.externaltools.gnu-tools-for-stm32.12.3.rel1.win32_1.0.100.202403111256/tools/bin/../lib/gcc/arm-none-eabi/12.3.1/../../../../arm-none-eabi/lib/thumb/v7e-m+fp/hard\libc_nano.a(libc_a-fflush.o)
                0x0800c734                _fflush_r
 .text.fprintf  0x0800c784       0x24 D:/Software/STM32cudeIDE/STM32CubeIDE_1.15.1/STM32CubeIDE/plugins/com.st.stm32cube.ide.mcu.externaltools.gnu-tools-for-stm32.12.3.rel1.win32_1.0.100.202403111256/tools/bin/../lib/gcc/arm-none-eabi/12.3.1/../../../../arm-none-eabi/lib/thumb/v7e-m+fp/hard\libc_nano.a(libc_a-fprintf.o)
                0x0800c784                fiprintf
                0x0800c784                fprintf
 .text._putc_r  0x0800c7a8       0x68 D:/Software/STM32cudeIDE/STM32CubeIDE_1.15.1/STM32CubeIDE/plugins/com.st.stm32cube.ide.mcu.externaltools.gnu-tools-for-stm32.12.3.rel1.win32_1.0.100.202403111256/tools/bin/../lib/gcc/arm-none-eabi/12.3.1/../../../../arm-none-eabi/lib/thumb/v7e-m+fp/hard\libc_nano.a(libc_a-putc.o)
                0x0800c7a8                _putc_r
 .text.__swbuf_r
                0x0800c810       0x7c D:/Software/STM32cudeIDE/STM32CubeIDE_1.15.1/STM32CubeIDE/plugins/com.st.stm32cube.ide.mcu.externaltools.gnu-tools-for-stm32.12.3.rel1.win32_1.0.100.202403111256/tools/bin/../lib/gcc/arm-none-eabi/12.3.1/../../../../arm-none-eabi/lib/thumb/v7e-m+fp/hard\libc_nano.a(libc_a-wbuf.o)
                0x0800c810                __swbuf_r
 .text.__swsetup_r
                0x0800c88c       0xac D:/Software/STM32cudeIDE/STM32CubeIDE_1.15.1/STM32CubeIDE/plugins/com.st.stm32cube.ide.mcu.externaltools.gnu-tools-for-stm32.12.3.rel1.win32_1.0.100.202403111256/tools/bin/../lib/gcc/arm-none-eabi/12.3.1/../../../../arm-none-eabi/lib/thumb/v7e-m+fp/hard\libc_nano.a(libc_a-wsetup.o)
                0x0800c88c                __swsetup_r
 .text.memmove  0x0800c938       0x34 D:/Software/STM32cudeIDE/STM32CubeIDE_1.15.1/STM32CubeIDE/plugins/com.st.stm32cube.ide.mcu.externaltools.gnu-tools-for-stm32.12.3.rel1.win32_1.0.100.202403111256/tools/bin/../lib/gcc/arm-none-eabi/12.3.1/../../../../arm-none-eabi/lib/thumb/v7e-m+fp/hard\libc_nano.a(libc_a-memmove.o)
                0x0800c938                memmove
 .text._sbrk_r  0x0800c96c       0x20 D:/Software/STM32cudeIDE/STM32CubeIDE_1.15.1/STM32CubeIDE/plugins/com.st.stm32cube.ide.mcu.externaltools.gnu-tools-for-stm32.12.3.rel1.win32_1.0.100.202403111256/tools/bin/../lib/gcc/arm-none-eabi/12.3.1/../../../../arm-none-eabi/lib/thumb/v7e-m+fp/hard\libc_nano.a(libc_a-sbrkr.o)
                0x0800c96c                _sbrk_r
 .text.abort    0x0800c98c        0xe D:/Software/STM32cudeIDE/STM32CubeIDE_1.15.1/STM32CubeIDE/plugins/com.st.stm32cube.ide.mcu.externaltools.gnu-tools-for-stm32.12.3.rel1.win32_1.0.100.202403111256/tools/bin/../lib/gcc/arm-none-eabi/12.3.1/../../../../arm-none-eabi/lib/thumb/v7e-m+fp/hard\libc_nano.a(libc_a-abort.o)
                0x0800c98c                abort
 .text._realloc_r
                0x0800c99a       0x5c D:/Software/STM32cudeIDE/STM32CubeIDE_1.15.1/STM32CubeIDE/plugins/com.st.stm32cube.ide.mcu.externaltools.gnu-tools-for-stm32.12.3.rel1.win32_1.0.100.202403111256/tools/bin/../lib/gcc/arm-none-eabi/12.3.1/../../../../arm-none-eabi/lib/thumb/v7e-m+fp/hard\libc_nano.a(libc_a-reallocr.o)
                0x0800c99a                _realloc_r
 .text.__swhatbuf_r
                0x0800c9f6       0x4c D:/Software/STM32cudeIDE/STM32CubeIDE_1.15.1/STM32CubeIDE/plugins/com.st.stm32cube.ide.mcu.externaltools.gnu-tools-for-stm32.12.3.rel1.win32_1.0.100.202403111256/tools/bin/../lib/gcc/arm-none-eabi/12.3.1/../../../../arm-none-eabi/lib/thumb/v7e-m+fp/hard\libc_nano.a(libc_a-makebuf.o)
                0x0800c9f6                __swhatbuf_r
 .text.__smakebuf_r
                0x0800ca42       0x78 D:/Software/STM32cudeIDE/STM32CubeIDE_1.15.1/STM32CubeIDE/plugins/com.st.stm32cube.ide.mcu.externaltools.gnu-tools-for-stm32.12.3.rel1.win32_1.0.100.202403111256/tools/bin/../lib/gcc/arm-none-eabi/12.3.1/../../../../arm-none-eabi/lib/thumb/v7e-m+fp/hard\libc_nano.a(libc_a-makebuf.o)
                0x0800ca42                __smakebuf_r
 .text._raise_r
                0x0800caba       0x50 D:/Software/STM32cudeIDE/STM32CubeIDE_1.15.1/STM32CubeIDE/plugins/com.st.stm32cube.ide.mcu.externaltools.gnu-tools-for-stm32.12.3.rel1.win32_1.0.100.202403111256/tools/bin/../lib/gcc/arm-none-eabi/12.3.1/../../../../arm-none-eabi/lib/thumb/v7e-m+fp/hard\libc_nano.a(libc_a-signal.o)
                0x0800caba                _raise_r
 *fill*         0x0800cb0a        0x2 
 .text.raise    0x0800cb0c       0x10 D:/Software/STM32cudeIDE/STM32CubeIDE_1.15.1/STM32CubeIDE/plugins/com.st.stm32cube.ide.mcu.externaltools.gnu-tools-for-stm32.12.3.rel1.win32_1.0.100.202403111256/tools/bin/../lib/gcc/arm-none-eabi/12.3.1/../../../../arm-none-eabi/lib/thumb/v7e-m+fp/hard\libc_nano.a(libc_a-signal.o)
                0x0800cb0c                raise
 .text._fstat_r
                0x0800cb1c       0x24 D:/Software/STM32cudeIDE/STM32CubeIDE_1.15.1/STM32CubeIDE/plugins/com.st.stm32cube.ide.mcu.externaltools.gnu-tools-for-stm32.12.3.rel1.win32_1.0.100.202403111256/tools/bin/../lib/gcc/arm-none-eabi/12.3.1/../../../../arm-none-eabi/lib/thumb/v7e-m+fp/hard\libc_nano.a(libc_a-fstatr.o)
                0x0800cb1c                _fstat_r
 .text._isatty_r
                0x0800cb40       0x20 D:/Software/STM32cudeIDE/STM32CubeIDE_1.15.1/STM32CubeIDE/plugins/com.st.stm32cube.ide.mcu.externaltools.gnu-tools-for-stm32.12.3.rel1.win32_1.0.100.202403111256/tools/bin/../lib/gcc/arm-none-eabi/12.3.1/../../../../arm-none-eabi/lib/thumb/v7e-m+fp/hard\libc_nano.a(libc_a-isattyr.o)
                0x0800cb40                _isatty_r
 .text._kill_r  0x0800cb60       0x24 D:/Software/STM32cudeIDE/STM32CubeIDE_1.15.1/STM32CubeIDE/plugins/com.st.stm32cube.ide.mcu.externaltools.gnu-tools-for-stm32.12.3.rel1.win32_1.0.100.202403111256/tools/bin/../lib/gcc/arm-none-eabi/12.3.1/../../../../arm-none-eabi/lib/thumb/v7e-m+fp/hard\libc_nano.a(libc_a-signalr.o)
                0x0800cb60                _kill_r
 .text._getpid_r
                0x0800cb84        0x4 D:/Software/STM32cudeIDE/STM32CubeIDE_1.15.1/STM32CubeIDE/plugins/com.st.stm32cube.ide.mcu.externaltools.gnu-tools-for-stm32.12.3.rel1.win32_1.0.100.202403111256/tools/bin/../lib/gcc/arm-none-eabi/12.3.1/../../../../arm-none-eabi/lib/thumb/v7e-m+fp/hard\libc_nano.a(libc_a-signalr.o)
                0x0800cb84                _getpid_r
 .text._malloc_usable_size_r
                0x0800cb88       0x10 D:/Software/STM32cudeIDE/STM32CubeIDE_1.15.1/STM32CubeIDE/plugins/com.st.stm32cube.ide.mcu.externaltools.gnu-tools-for-stm32.12.3.rel1.win32_1.0.100.202403111256/tools/bin/../lib/gcc/arm-none-eabi/12.3.1/../../../../arm-none-eabi/lib/thumb/v7e-m+fp/hard\libc_nano.a(libc_a-msizer.o)
                0x0800cb88                _malloc_usable_size_r
 *(.glue_7)
 .glue_7        0x0800cb98        0x0 linker stubs
 *(.glue_7t)
 .glue_7t       0x0800cb98        0x0 linker stubs
 *(.eh_frame)
 .eh_frame      0x0800cb98        0x0 D:/Software/STM32cudeIDE/STM32CubeIDE_1.15.1/STM32CubeIDE/plugins/com.st.stm32cube.ide.mcu.externaltools.gnu-tools-for-stm32.12.3.rel1.win32_1.0.100.202403111256/tools/bin/../lib/gcc/arm-none-eabi/12.3.1/thumb/v7e-m+fp/hard/crtbegin.o
 *(.init)
 .init          0x0800cb98        0x4 D:/Software/STM32cudeIDE/STM32CubeIDE_1.15.1/STM32CubeIDE/plugins/com.st.stm32cube.ide.mcu.externaltools.gnu-tools-for-stm32.12.3.rel1.win32_1.0.100.202403111256/tools/bin/../lib/gcc/arm-none-eabi/12.3.1/thumb/v7e-m+fp/hard/crti.o
                0x0800cb98                _init
 .init          0x0800cb9c        0x8 D:/Software/STM32cudeIDE/STM32CubeIDE_1.15.1/STM32CubeIDE/plugins/com.st.stm32cube.ide.mcu.externaltools.gnu-tools-for-stm32.12.3.rel1.win32_1.0.100.202403111256/tools/bin/../lib/gcc/arm-none-eabi/12.3.1/thumb/v7e-m+fp/hard/crtn.o
 *(.fini)
 .fini          0x0800cba4        0x4 D:/Software/STM32cudeIDE/STM32CubeIDE_1.15.1/STM32CubeIDE/plugins/com.st.stm32cube.ide.mcu.externaltools.gnu-tools-for-stm32.12.3.rel1.win32_1.0.100.202403111256/tools/bin/../lib/gcc/arm-none-eabi/12.3.1/thumb/v7e-m+fp/hard/crti.o
                0x0800cba4                _fini
 .fini          0x0800cba8        0x8 D:/Software/STM32cudeIDE/STM32CubeIDE_1.15.1/STM32CubeIDE/plugins/com.st.stm32cube.ide.mcu.externaltools.gnu-tools-for-stm32.12.3.rel1.win32_1.0.100.202403111256/tools/bin/../lib/gcc/arm-none-eabi/12.3.1/thumb/v7e-m+fp/hard/crtn.o
                0x0800cbb0                        . = ALIGN (0x4)
                0x0800cbb0                        _etext = .

.vfp11_veneer   0x0800cbb0        0x0
 .vfp11_veneer  0x0800cbb0        0x0 linker stubs

.v4_bx          0x0800cbb0        0x0
 .v4_bx         0x0800cbb0        0x0 linker stubs

.iplt           0x0800cbb0        0x0
 .iplt          0x0800cbb0        0x0 D:/Software/STM32cudeIDE/STM32CubeIDE_1.15.1/STM32CubeIDE/plugins/com.st.stm32cube.ide.mcu.externaltools.gnu-tools-for-stm32.12.3.rel1.win32_1.0.100.202403111256/tools/bin/../lib/gcc/arm-none-eabi/12.3.1/thumb/v7e-m+fp/hard/crtbegin.o

.rodata         0x0800cbb0      0x8bc
                0x0800cbb0                        . = ALIGN (0x4)
 *(.rodata)
 .rodata        0x0800cbb0      0x14b ./Core/Src/main.o
 *fill*         0x0800ccfb        0x1 
 .rodata        0x0800ccfc      0x11d ./Libraries/QCA7000.o
 *fill*         0x0800ce19        0x3 
 .rodata        0x0800ce1c      0x1c6 ./Libraries/hmi.o
 *fill*         0x0800cfe2        0x2 
 .rodata        0x0800cfe4      0x366 ./Libraries/sequence_function.o
 *(.rodata*)
 *fill*         0x0800d34a        0x2 
 .rodata.AHBPrescTable
                0x0800d34c       0x10 ./Core/Src/system_stm32g4xx.o
                0x0800d34c                AHBPrescTable
 .rodata.APBPrescTable
                0x0800d35c        0x8 ./Core/Src/system_stm32g4xx.o
                0x0800d35c                APBPrescTable
 .rodata.UARTPrescTable
                0x0800d364       0x18 ./Drivers/STM32G4xx_HAL_Driver/Src/stm32g4xx_hal_uart.o
                0x0800d364                UARTPrescTable
 .rodata.numerator.1
                0x0800d37c        0x8 ./Drivers/STM32G4xx_HAL_Driver/Src/stm32g4xx_hal_uart_ex.o
 .rodata.denominator.0
                0x0800d384        0x8 ./Drivers/STM32G4xx_HAL_Driver/Src/stm32g4xx_hal_uart_ex.o
 .rodata.srand.str1.1
                0x0800d38c       0x6f D:/Software/STM32cudeIDE/STM32CubeIDE_1.15.1/STM32CubeIDE/plugins/com.st.stm32cube.ide.mcu.externaltools.gnu-tools-for-stm32.12.3.rel1.win32_1.0.100.202403111256/tools/bin/../lib/gcc/arm-none-eabi/12.3.1/../../../../arm-none-eabi/lib/thumb/v7e-m+fp/hard\libc_nano.a(libc_a-rand.o)
 .rodata.__assert_func.str1.1
                0x0800d3fb       0x3c D:/Software/STM32cudeIDE/STM32CubeIDE_1.15.1/STM32CubeIDE/plugins/com.st.stm32cube.ide.mcu.externaltools.gnu-tools-for-stm32.12.3.rel1.win32_1.0.100.202403111256/tools/bin/../lib/gcc/arm-none-eabi/12.3.1/../../../../arm-none-eabi/lib/thumb/v7e-m+fp/hard\libc_nano.a(libc_a-assert.o)
                                 0x3d (size before relaxing)
 .rodata._svfprintf_r.str1.1
                0x0800d437       0x11 D:/Software/STM32cudeIDE/STM32CubeIDE_1.15.1/STM32CubeIDE/plugins/com.st.stm32cube.ide.mcu.externaltools.gnu-tools-for-stm32.12.3.rel1.win32_1.0.100.202403111256/tools/bin/../lib/gcc/arm-none-eabi/12.3.1/../../../../arm-none-eabi/lib/thumb/v7e-m+fp/hard\libc_nano.a(libc_a-nano-svfprintf.o)
 .rodata._vfprintf_r.str1.1
                0x0800d448       0x11 D:/Software/STM32cudeIDE/STM32CubeIDE_1.15.1/STM32CubeIDE/plugins/com.st.stm32cube.ide.mcu.externaltools.gnu-tools-for-stm32.12.3.rel1.win32_1.0.100.202403111256/tools/bin/../lib/gcc/arm-none-eabi/12.3.1/../../../../arm-none-eabi/lib/thumb/v7e-m+fp/hard\libc_nano.a(libc_a-nano-vfprintf.o)
 .rodata._printf_i.str1.1
                0x0800d448       0x22 D:/Software/STM32cudeIDE/STM32CubeIDE_1.15.1/STM32CubeIDE/plugins/com.st.stm32cube.ide.mcu.externaltools.gnu-tools-for-stm32.12.3.rel1.win32_1.0.100.202403111256/tools/bin/../lib/gcc/arm-none-eabi/12.3.1/../../../../arm-none-eabi/lib/thumb/v7e-m+fp/hard\libc_nano.a(libc_a-nano-vfprintf_i.o)
                0x0800d46c                        . = ALIGN (0x4)
 *fill*         0x0800d46a        0x2 

.ARM.extab      0x0800d46c        0x0
                0x0800d46c                        . = ALIGN (0x4)
 *(.ARM.extab* .gnu.linkonce.armextab.*)
                0x0800d46c                        . = ALIGN (0x4)

.ARM            0x0800d46c        0x8
                0x0800d46c                        . = ALIGN (0x4)
                0x0800d46c                        __exidx_start = .
 *(.ARM.exidx*)
 .ARM.exidx     0x0800d46c        0x8 D:/Software/STM32cudeIDE/STM32CubeIDE_1.15.1/STM32CubeIDE/plugins/com.st.stm32cube.ide.mcu.externaltools.gnu-tools-for-stm32.12.3.rel1.win32_1.0.100.202403111256/tools/bin/../lib/gcc/arm-none-eabi/12.3.1/../../../../arm-none-eabi/lib/thumb/v7e-m+fp/hard\libc_nano.a(libc_a-strlen.o)
 .ARM.exidx     0x0800d474        0x0 D:/Software/STM32cudeIDE/STM32CubeIDE_1.15.1/STM32CubeIDE/plugins/com.st.stm32cube.ide.mcu.externaltools.gnu-tools-for-stm32.12.3.rel1.win32_1.0.100.202403111256/tools/bin/../lib/gcc/arm-none-eabi/12.3.1/../../../../arm-none-eabi/lib/thumb/v7e-m+fp/hard\libc_nano.a(libc_a-memchr.o)
                                  0x8 (size before relaxing)
 .ARM.exidx     0x0800d474        0x0 D:/Software/STM32cudeIDE/STM32CubeIDE_1.15.1/STM32CubeIDE/plugins/com.st.stm32cube.ide.mcu.externaltools.gnu-tools-for-stm32.12.3.rel1.win32_1.0.100.202403111256/tools/bin/../lib/gcc/arm-none-eabi/12.3.1/thumb/v7e-m+fp/hard\libgcc.a(_udivmoddi4.o)
                                  0x8 (size before relaxing)
                0x0800d474                        __exidx_end = .
                0x0800d474                        . = ALIGN (0x4)

.rel.dyn        0x0800d474        0x0
 .rel.iplt      0x0800d474        0x0 D:/Software/STM32cudeIDE/STM32CubeIDE_1.15.1/STM32CubeIDE/plugins/com.st.stm32cube.ide.mcu.externaltools.gnu-tools-for-stm32.12.3.rel1.win32_1.0.100.202403111256/tools/bin/../lib/gcc/arm-none-eabi/12.3.1/thumb/v7e-m+fp/hard/crtbegin.o

.preinit_array  0x0800d474        0x0
                0x0800d474                        . = ALIGN (0x4)
                0x0800d474                        PROVIDE (__preinit_array_start = .)
 *(.preinit_array*)
                0x0800d474                        PROVIDE (__preinit_array_end = .)
                0x0800d474                        . = ALIGN (0x4)

.init_array     0x0800d474        0x4
                0x0800d474                        . = ALIGN (0x4)
                0x0800d474                        PROVIDE (__init_array_start = .)
 *(SORT_BY_NAME(.init_array.*))
 *(.init_array*)
 .init_array    0x0800d474        0x4 D:/Software/STM32cudeIDE/STM32CubeIDE_1.15.1/STM32CubeIDE/plugins/com.st.stm32cube.ide.mcu.externaltools.gnu-tools-for-stm32.12.3.rel1.win32_1.0.100.202403111256/tools/bin/../lib/gcc/arm-none-eabi/12.3.1/thumb/v7e-m+fp/hard/crtbegin.o
                0x0800d478                        PROVIDE (__init_array_end = .)
                0x0800d478                        . = ALIGN (0x4)

.fini_array     0x0800d478        0x4
                0x0800d478                        . = ALIGN (0x4)
                [!provide]                        PROVIDE (__fini_array_start = .)
 *(SORT_BY_NAME(.fini_array.*))
 *(.fini_array*)
 .fini_array    0x0800d478        0x4 D:/Software/STM32cudeIDE/STM32CubeIDE_1.15.1/STM32CubeIDE/plugins/com.st.stm32cube.ide.mcu.externaltools.gnu-tools-for-stm32.12.3.rel1.win32_1.0.100.202403111256/tools/bin/../lib/gcc/arm-none-eabi/12.3.1/thumb/v7e-m+fp/hard/crtbegin.o
                [!provide]                        PROVIDE (__fini_array_end = .)
                0x0800d47c                        . = ALIGN (0x4)
                0x0800d47c                        _sidata = LOADADDR (.data)

.data           0x20000000       0x8c load address 0x0800d47c
                0x20000000                        . = ALIGN (0x4)
                0x20000000                        _sdata = .
 *(.data)
 *(.data*)
 .data.users    0x20000000        0x8 ./Core/Src/main.o
                0x20000000                users
 .data.current_user
                0x20000008        0x1 ./Core/Src/main.o
                0x20000008                current_user
 *fill*         0x20000009        0x3 
 .data.SystemCoreClock
                0x2000000c        0x4 ./Core/Src/system_stm32g4xx.o
                0x2000000c                SystemCoreClock
 .data.uwTickPrio
                0x20000010        0x4 ./Drivers/STM32G4xx_HAL_Driver/Src/stm32g4xx_hal.o
                0x20000010                uwTickPrio
 .data.uwTickFreq
                0x20000014        0x4 ./Drivers/STM32G4xx_HAL_Driver/Src/stm32g4xx_hal.o
                0x20000014                uwTickFreq
 .data.sessionID
                0x20000018        0x6 ./Libraries/sequence_function.o
                0x20000018                sessionID
 *fill*         0x2000001e        0x2 
 .data.evID     0x20000020        0x6 ./Libraries/sequence_function.o
                0x20000020                evID
 *fill*         0x20000026        0x2 
 .data.evseID   0x20000028        0x6 ./Libraries/sequence_function.o
                0x20000028                evseID
 *fill*         0x2000002e        0x2 
 .data.__sglue  0x20000030        0xc D:/Software/STM32cudeIDE/STM32CubeIDE_1.15.1/STM32CubeIDE/plugins/com.st.stm32cube.ide.mcu.externaltools.gnu-tools-for-stm32.12.3.rel1.win32_1.0.100.202403111256/tools/bin/../lib/gcc/arm-none-eabi/12.3.1/../../../../arm-none-eabi/lib/thumb/v7e-m+fp/hard\libc_nano.a(libc_a-findfp.o)
                0x20000030                __sglue
 .data._impure_ptr
                0x2000003c        0x4 D:/Software/STM32cudeIDE/STM32CubeIDE_1.15.1/STM32CubeIDE/plugins/com.st.stm32cube.ide.mcu.externaltools.gnu-tools-for-stm32.12.3.rel1.win32_1.0.100.202403111256/tools/bin/../lib/gcc/arm-none-eabi/12.3.1/../../../../arm-none-eabi/lib/thumb/v7e-m+fp/hard\libc_nano.a(libc_a-impure.o)
                0x2000003c                _impure_ptr
 .data._impure_data
                0x20000040       0x4c D:/Software/STM32cudeIDE/STM32CubeIDE_1.15.1/STM32CubeIDE/plugins/com.st.stm32cube.ide.mcu.externaltools.gnu-tools-for-stm32.12.3.rel1.win32_1.0.100.202403111256/tools/bin/../lib/gcc/arm-none-eabi/12.3.1/../../../../arm-none-eabi/lib/thumb/v7e-m+fp/hard\libc_nano.a(libc_a-impure.o)
                0x20000040                _impure_data
 *(.RamFunc)
 *(.RamFunc*)
                0x2000008c                        . = ALIGN (0x4)
                0x2000008c                        _edata = .

.igot.plt       0x2000008c        0x0 load address 0x0800d508