../Core/Src/main.c:146:10:random_number	8	static
../Core/Src/main.c:149:10:random_voltage	8	static
../Core/Src/main.c:152:6:Serial_Print	8	static
../Core/Src/main.c:156:6:ESP_Send	8	static
../Core/Src/main.c:160:6:SPI_Transmit_Receive	16	static
../Core/Src/main.c:166:6:HMI_Print	16	static
../Core/Src/main.c:174:6:HAL_TIM_PeriodElapsedCallback	16	static
../Core/Src/main.c:179:6:HAL_UART_RxCpltCallback	40	static
../Core/Src/main.c:315:6:HAL_GPIO_EXTI_Callback	16	static
../Core/Src/main.c:328:6:HAL_FDCAN_RxFifo0Callback	56	static
../Core/Src/main.c:442:5:main	144	static
../Core/Src/main.c:909:6:SystemClock_Config	88	static
../Core/Src/main.c:956:13:MX_ADC1_Init	56	static
../Core/Src/main.c:1024:13:MX_FDCAN2_Init	8	static
../Core/Src/main.c:1067:13:MX_SPI2_Init	8	static
../Core/Src/main.c:1107:13:MX_TIM1_Init	104	static
../Core/Src/main.c:1179:13:MX_TIM17_Init	8	static
../Core/Src/main.c:1211:13:MX_UART4_Init	8	static
../Core/Src/main.c:1259:13:MX_USART1_UART_Init	8	static
../Core/Src/main.c:1307:13:MX_USART2_UART_Init	8	static
../Core/Src/main.c:1355:13:MX_USART3_UART_Init	8	static
../Core/Src/main.c:1401:13:MX_DMA_Init	16	static
../Core/Src/main.c:1423:13:MX_GPIO_Init	40	static
../Core/Src/main.c:1495:6:Error_Handler	4	static,ignoring_inline_asm
