../Libraries/sequence_function.c:52:6:PEF_Get_Data	16	static
../Libraries/sequence_function.c:55:6:PEF_Compose_Initialization_Req	8	static
../Libraries/sequence_function.c:81:6:PEF_Compose_Initialization_Cnf	8	static
../Libraries/sequence_function.c:107:6:PEF_Evaluate_Initialization	8	static
../Libraries/sequence_function.c:114:6:PEF_Compose_Parameter_Exchange_Req	8	static
../Libraries/sequence_function.c:158:6:PEF_Compose_Parameter_Exchange_Res	8	static
../Libraries/sequence_function.c:195:6:PEF_Compose_Parameter_Exchange_Cnf	8	static
../Libraries/sequence_function.c:221:6:PEF_Evaluate_Parameter_Exchange_Req	4	static
../Libraries/sequence_function.c:231:6:PEF_Evaluate_Parameter_Exchange_Res	4	static
../Libraries/sequence_function.c:240:6:PEF_Compose_Connector_Lock_Req	8	static
../Libraries/sequence_function.c:266:6:PEF_Compose_Connector_Lock_Cnf	8	static
../Libraries/sequence_function.c:292:6:PEF_Compose_Contactor_Close_Req	8	static
../Libraries/sequence_function.c:318:6:PEF_Compose_Contactor_Close_Cnf	8	static
../Libraries/sequence_function.c:346:6:PEF_Compose_Charging_Current_Demand_Req	16	static
../Libraries/sequence_function.c:380:6:PEF_Compose_Charging_Current_Demand_Res	24	static
../Libraries/sequence_function.c:422:6:PEF_Compose_Charging_Current_Demand_Cnf	8	static
../Libraries/sequence_function.c:448:6:PEF_Evaluate_Charging_Current_Demand_Req	4	static
../Libraries/sequence_function.c:455:6:PEF_Evaluate_Charging_Current_Demand_Res	4	static
../Libraries/sequence_function.c:466:6:PEF_Compose_Current_Suppression_Req	8	static
../Libraries/sequence_function.c:495:6:PEF_Compose_Current_Suppression_Res	24	static
../Libraries/sequence_function.c:532:6:PEF_Compose_Current_Suppression_Cnf	8	static
../Libraries/sequence_function.c:558:6:PEF_Evaluate_Current_Suppression_Res	4	static
../Libraries/sequence_function.c:567:6:PEF_Compose_Zero_Current_Confirm_Req	8	static
../Libraries/sequence_function.c:593:6:PEF_Compose_Zero_Current_Confirm_Cnf	8	static
../Libraries/sequence_function.c:621:6:PEF_Compose_Voltage_Verification_Req	16	static
../Libraries/sequence_function.c:651:6:PEF_Compose_Voltage_Verification_Cnf	8	static
../Libraries/sequence_function.c:677:6:PEF_Evaluate_Voltage_Verification_Cnf	4	static
../Libraries/sequence_function.c:681:6:PEF_Compose_Connector_Unlock_Req	8	static
../Libraries/sequence_function.c:707:6:PEF_Compose_Connector_Unlock_Cnf	8	static
../Libraries/sequence_function.c:735:6:PEF_Compose_End_of_Charge_Req	8	static
../Libraries/sequence_function.c:761:6:PEF_Compose_End_of_Charge_Cnf	8	static
../Libraries/sequence_function.c:787:10:PEF_Get_Sequence_State	16	static
../Libraries/sequence_function.c:793:6:PEF_Handle_Initialization_Req	8	static
../Libraries/sequence_function.c:802:6:PEF_Handle_Initialization_Cnf	8	static
../Libraries/sequence_function.c:811:6:PEF_Handle_Parameter_Exchange_Req	8	static
../Libraries/sequence_function.c:820:6:PEF_Handle_Parameter_Exchange_Res	8	static
../Libraries/sequence_function.c:829:6:PEF_Handle_Parameter_Exchange_Cnf	8	static
../Libraries/sequence_function.c:834:6:PEF_Handle_Connector_Lock_Req	8	static
../Libraries/sequence_function.c:842:6:PEF_Handle_Connector_Lock_Cnf	8	static
../Libraries/sequence_function.c:847:6:PEF_Handle_Contactor_Close_Req	8	static
../Libraries/sequence_function.c:858:6:PEF_Handle_Contactor_Close_Cnf	8	static
../Libraries/sequence_function.c:863:6:PEF_Handle_Charging_Current_Demand_Req	24	static
../Libraries/sequence_function.c:875:6:PEF_Handle_Charging_Current_Demand_Res	8	static
../Libraries/sequence_function.c:883:6:PEF_Handle_Current_Suppression_Req	16	static
../Libraries/sequence_function.c:893:6:PEF_Handle_Current_Suppression_Res	8	static
../Libraries/sequence_function.c:902:6:PEF_Handle_Current_Suppression_Cnf	8	static
../Libraries/sequence_function.c:910:6:PEF_Handle_Zero_CURRENT_CONFIRM_Req	8	static
../Libraries/sequence_function.c:918:6:PEF_Handle_Zero_CURRENT_CONFIRM_Cnf	16	static
../Libraries/sequence_function.c:927:6:PEF_Handle_Voltage_Verification_Req	8	static
../Libraries/sequence_function.c:935:6:PEF_Handle_Voltage_Verification_Cnf	8	static
../Libraries/sequence_function.c:943:6:PEF_Handle_Connector_Unlock_Req	8	static
../Libraries/sequence_function.c:951:6:PEF_Handle_Connector_Unlock_Cnf	8	static
../Libraries/sequence_function.c:959:6:PEF_Handle_End_of_Charge_Req	8	static
../Libraries/sequence_function.c:967:6:PEF_Handle_End_of_Charge_Cnf	8	static
../Libraries/sequence_function.c:972:6:PEF_Evaluate_Exchange_Data	8	static
