../Core/Src/main.c:91:6:process	16	static
../Core/Src/main.c:106:6:sendData	24	static
../Core/Src/main.c:121:6:HAL_UART_RxCpltCallback	24	static
../Core/Src/main.c:168:5:main	16	static
../Core/Src/main.c:238:6:SystemClock_Config	72	static
../Core/Src/main.c:275:13:MX_SPI1_Init	8	static
../Core/Src/main.c:313:13:MX_TIM2_Init	32	static
../Core/Src/main.c:361:13:MX_USART1_UART_Init	8	static
../Core/Src/main.c:394:13:MX_GPIO_Init	32	static
../Core/Src/main.c:431:6:Error_Handler	4	static,ignoring_inline_asm
